 FrameWork

 Timestamp is 533540e6 (Fri Mar 28 18:29:10 2014)

 Preferred load address is 10000000

 Start         Length     Name                   Class
 0001:00000000 0002f8a8H .text                   CODE
 0001:0002f8b0 000036dbH .text$x                 CODE
 0001:00032f90 0000104dH .text$yc                CODE
 0001:00033fe0 0000103dH .text$yd                CODE
 0002:00000000 00000104H .CRT$XCA                DATA
 0002:00000104 00000109H .CRT$XCU                DATA
 0002:00000210 00000104H .CRT$XCZ                DATA
 0002:00000314 00000104H .CRT$XIA                DATA
 0002:00000418 00000104H .CRT$XIAA               DATA
 0002:0000051c 00000104H .CRT$XIC                DATA
 0002:00000620 00000104H .CRT$XIZ                DATA
 0002:00000730 0000373eH .rdata                  DATA
 0002:00003e70 0000017aH .rdata$debug            DATA
 0002:00003fec 000004daH .rdata$r                DATA
 0002:000044d0 000003c1H .rdata$sxdata           DATA
 0002:00004894 00000104H .rtc$IAA                DATA
 0002:00004998 00000113H .rtc$IMZ                DATA
 0002:00004aac 00000104H .rtc$IZZ                DATA
 0002:00004bb0 00000104H .rtc$TAA                DATA
 0002:00004cb4 00000113H .rtc$TMZ                DATA
 0002:00004dc8 00000104H .rtc$TZZ                DATA
 0002:00004ed0 00002848H .xdata$x                DATA
 0002:00007720 00000755H .edata                  DATA
 0003:00000000 000002a2H .data                   DATA
 0003:000002a8 00000484H .bss                    DATA
 0004:00000000 000000a0H .idata$2                DATA
 0004:000000a0 00000014H .idata$3                DATA
 0004:000000b4 00000434H .idata$4                DATA
 0004:000004e8 00000434H .idata$5                DATA
 0004:0000091c 00000e65H .idata$6                DATA

  Address         Publics by Value              Rva+Base       Lib:Object

 0000:00000000       __except_list              00000000     <absolute>
 0000:00000093       ___safe_se_handler_count   00000093     <absolute>
 0000:00009876       __fltused                  00009876     <absolute>
 0000:00009876       __ldused                   00009876     <absolute>
 0000:00000000       ___ImageBase               10000000     <linker-defined>
 0001:00002470       ?OnLButtonDown@CD3DApp@@UAE_NHHI@Z 10003470 f i BmpFile.obj
 0001:00002490       ?OnLButtonUp@CD3DApp@@UAE_NHHI@Z 10003490 f i BmpFile.obj
 0001:000024b0       ?OnRButtonDown@CD3DApp@@UAE_NHHI@Z 100034b0 f i BmpFile.obj
 0001:000024d0       ?OnRButtonUp@CD3DApp@@UAE_NHHI@Z 100034d0 f i BmpFile.obj
 0001:000024f0       ?GetHandle@CD3DApp@@QBEPAUHWND__@@XZ 100034f0 f i BmpFile.obj
 0001:00002510       ??0CD3DApp@@QAE@ABV0@@Z    10003510 f i BmpFile.obj
 0001:00002630       ??4CD3DApp@@QAEAAV0@ABV0@@Z 10003630 f i BmpFile.obj
 0001:00002740       ??_GCD3DApp@@UAEPAXI@Z     10003740 f i BmpFile.obj
 0001:00002790       ??_ECD3DApp@@UAEPAXI@Z     10003790 f i BmpFile.obj
 0001:00002830       ??0CGameMain@@QAE@ABV0@@Z  10003830 f i BmpFile.obj
 0001:00002a50       ??4CGameMain@@QAEAAV0@ABV0@@Z 10003a50 f i BmpFile.obj
 0001:00002c20       ??_GCGameMain@@UAEPAXI@Z   10003c20 f i BmpFile.obj
 0001:00002c70       ??_ECGameMain@@UAEPAXI@Z   10003c70 f i BmpFile.obj
 0001:00002d10       ??0CBmpFile@@QAE@XZ        10003d10 f   BmpFile.obj
 0001:00002d40       ??1CBmpFile@@QAE@XZ        10003d40 f   BmpFile.obj
 0001:00002d70       ?LoadFile@CBmpFile@@QAEJPAD@Z 10003d70 f   BmpFile.obj
 0001:00002f80       ?Sort4b@CBmpFile@@QAEKK@Z  10003f80 f   BmpFile.obj
 0001:00002fd0       ?GetData@CBmpFile@@QAEEHH@Z 10003fd0 f   BmpFile.obj
 0001:00003130       ??0IMAGEDATA@@QAE@XZ       10004130 f i BmpFile.obj
 0001:00003180       ??1IMAGEDATA@@QAE@XZ       10004180 f i BmpFile.obj
 0001:00003210       ??0?$basic_string@DU?$char_traits@D@std@@V?$allocator@D@2@@std@@QAE@ABV01@@Z 10004210 f i BmpFile.obj
 0001:000032e0       ??4?$basic_string@DU?$char_traits@D@std@@V?$allocator@D@2@@std@@QAEAAV01@ABV01@@Z 100042e0 f i BmpFile.obj
 0001:00003320       ??0?$vector@PAVCXFile@@V?$allocator@PAVCXFile@@@std@@@std@@QAE@ABV01@@Z 10004320 f i BmpFile.obj
 0001:000034a0       ??1?$vector@PAVCXFile@@V?$allocator@PAVCXFile@@@std@@@std@@QAE@XZ 100044a0 f i BmpFile.obj
 0001:00003520       ??4?$vector@PAVCXFile@@V?$allocator@PAVCXFile@@@std@@@std@@QAEAAV01@ABV01@@Z 10004520 f i BmpFile.obj
 0001:00003740       ??1?$_Vector_const_iterator@V?$_Vector_val@PAVCXFile@@V?$allocator@PAVCXFile@@@std@@@std@@@std@@QAE@XZ 10004740 f i BmpFile.obj
 0001:00003770       ??1?$_Iterator012@Urandom_access_iterator_tag@std@@PAVCXFile@@HPBQAV3@ABQAV3@U_Iterator_base12@2@@std@@QAE@XZ 10004770 f i BmpFile.obj
 0001:000037a0       ??1_Iterator_base12@std@@QAE@XZ 100047a0 f i BmpFile.obj
 0001:00003890       ?_Orphan_me@_Iterator_base12@std@@QAEXXZ 10004890 f i BmpFile.obj
 0001:00003950       ?assign@?$basic_string@DU?$char_traits@D@std@@V?$allocator@D@2@@std@@QAEAAV12@ABV12@@Z 10004950 f i BmpFile.obj
 0001:00003990       ?assign@?$basic_string@DU?$char_traits@D@std@@V?$allocator@D@2@@std@@QAEAAV12@ABV12@II@Z 10004990 f i BmpFile.obj
 0001:00003a90       ?copy@?$char_traits@D@std@@SAPADPADPBDI@Z 10004a90 f i BmpFile.obj
 0001:00003ac0       ?size@?$basic_string@DU?$char_traits@D@std@@V?$allocator@D@2@@std@@QBEIXZ 10004ac0 f i BmpFile.obj
 0001:00003ae0       ?_Tidy@?$basic_string@DU?$char_traits@D@std@@V?$allocator@D@2@@std@@QAEX_NI@Z 10004ae0 f i BmpFile.obj
 0001:00003ba0       ?_Myptr@?$basic_string@DU?$char_traits@D@std@@V?$allocator@D@2@@std@@QBEPBDXZ 10004ba0 f i BmpFile.obj
 0001:00003bf0       ??0?$_String_val@DV?$allocator@D@std@@@std@@QAE@V?$allocator@D@1@@Z 10004bf0 f i BmpFile.obj
 0001:00003d40       ??0_Container_proxy@std@@QAE@XZ 10004d40 f i BmpFile.obj
 0001:00003d80       ??1?$_String_val@DV?$allocator@D@std@@@std@@QAE@XZ 10004d80 f i BmpFile.obj
 0001:00003eb0       ??0?$allocator@D@std@@QAE@ABV01@@Z 10004eb0 f i BmpFile.obj
 0001:00003ed0       ?capacity@?$vector@PAVCXFile@@V?$allocator@PAVCXFile@@@std@@@std@@QBEIXZ 10004ed0 f i BmpFile.obj
 0001:00003f00       ?begin@?$vector@PAVCXFile@@V?$allocator@PAVCXFile@@@std@@@std@@QBE?AV?$_Vector_const_iterator@V?$_Vector_val@PAVCXFile@@V?$allocator@PAVCXFile@@@std@@@std@@@2@XZ 10004f00 f i BmpFile.obj
 0001:00003f60       ?end@?$vector@PAVCXFile@@V?$allocator@PAVCXFile@@@std@@@std@@QBE?AV?$_Vector_const_iterator@V?$_Vector_val@PAVCXFile@@V?$allocator@PAVCXFile@@@std@@@std@@@2@XZ 10004f60 f i BmpFile.obj
 0001:00003fc0       ?size@?$vector@PAVCXFile@@V?$allocator@PAVCXFile@@@std@@@std@@QBEIXZ 10004fc0 f i BmpFile.obj
 0001:00003ff0       ?clear@?$vector@PAVCXFile@@V?$allocator@PAVCXFile@@@std@@@std@@QAEXXZ 10004ff0 f i BmpFile.obj
 0001:00004120       ?_Buy@?$vector@PAVCXFile@@V?$allocator@PAVCXFile@@@std@@@std@@IAE_NI@Z 10005120 f i BmpFile.obj
 0001:000041e0       ?_Destroy@?$vector@PAVCXFile@@V?$allocator@PAVCXFile@@@std@@@std@@IAEXPAPAVCXFile@@0@Z 100051e0 f i BmpFile.obj
 0001:00004230       ?_Tidy@?$vector@PAVCXFile@@V?$allocator@PAVCXFile@@@std@@@std@@IAEXXZ 10005230 f i BmpFile.obj
 0001:000042f0       ??0?$_Vector_val@PAVCXFile@@V?$allocator@PAVCXFile@@@std@@@std@@QAE@V?$allocator@PAVCXFile@@@1@@Z 100052f0 f i BmpFile.obj
 0001:00004460       ??1?$_Vector_val@PAVCXFile@@V?$allocator@PAVCXFile@@@std@@@std@@QAE@XZ 10005460 f i BmpFile.obj
 0001:00004590       ??0?$allocator@PAVCXFile@@@std@@QAE@ABV01@@Z 10005590 f i BmpFile.obj
 0001:000045b0       ?deallocate@?$allocator@PAVCXFile@@@std@@QAEXPAPAVCXFile@@I@Z 100055b0 f i BmpFile.obj
 0001:000045f0       ??1?$_Vector_iterator@V?$_Vector_val@PAVCXFile@@V?$allocator@PAVCXFile@@@std@@@std@@@std@@QAE@XZ 100055f0 f i BmpFile.obj
 0001:00004620       ??0?$_Vector_const_iterator@V?$_Vector_val@PAVCXFile@@V?$allocator@PAVCXFile@@@std@@@std@@@std@@QAE@ABV01@@Z 10005620 f i BmpFile.obj
 0001:00004670       ??0?$_Iterator012@Urandom_access_iterator_tag@std@@PAVCXFile@@HPBQAV3@ABQAV3@U_Iterator_base12@2@@std@@QAE@ABU01@@Z 10005670 f i BmpFile.obj
 0001:000046b0       ??0_Iterator_base12@std@@QAE@ABU01@@Z 100056b0 f i BmpFile.obj
 0001:00004700       ??4_Iterator_base12@std@@QAEAAU01@ABU01@@Z 10005700 f i BmpFile.obj
 0001:00004750       ?_Adopt@_Iterator_base12@std@@QAEXPBU_Container_base12@2@@Z 10005750 f i BmpFile.obj
 0001:00004890       ?erase@?$basic_string@DU?$char_traits@D@std@@V?$allocator@D@2@@std@@QAEAAV12@II@Z 10005890 f i BmpFile.obj
 0001:00004960       ?move@?$char_traits@D@std@@SAPADPADPBDI@Z 10005960 f i BmpFile.obj
 0001:000049a0       ?_Eos@?$basic_string@DU?$char_traits@D@std@@V?$allocator@D@2@@std@@QAEXI@Z 100059a0 f i BmpFile.obj
 0001:00004a00       ?assign@?$char_traits@D@std@@SAXAADABD@Z 10005a00 f i BmpFile.obj
 0001:00004a20       ?_Grow@?$basic_string@DU?$char_traits@D@std@@V?$allocator@D@2@@std@@QAE_NI_N@Z 10005a20 f i BmpFile.obj
 0001:00004b00       ?_Myptr@?$basic_string@DU?$char_traits@D@std@@V?$allocator@D@2@@std@@QAEPADXZ 10005b00 f i BmpFile.obj
 0001:00004b50       ?_Xran@?$basic_string@DU?$char_traits@D@std@@V?$allocator@D@2@@std@@QBEXXZ 10005b50 f i BmpFile.obj
 0001:00004b90       ?deallocate@?$allocator@D@std@@QAEXPADI@Z 10005b90 f i BmpFile.obj
 0001:00004bd0       ?begin@?$vector@PAVCXFile@@V?$allocator@PAVCXFile@@@std@@@std@@QAE?AV?$_Vector_iterator@V?$_Vector_val@PAVCXFile@@V?$allocator@PAVCXFile@@@std@@@std@@@2@XZ 10005bd0 f i BmpFile.obj
 0001:00004c30       ?end@?$vector@PAVCXFile@@V?$allocator@PAVCXFile@@@std@@@std@@QAE?AV?$_Vector_iterator@V?$_Vector_val@PAVCXFile@@V?$allocator@PAVCXFile@@@std@@@std@@@2@XZ 10005c30 f i BmpFile.obj
 0001:00004c90       ?max_size@?$vector@PAVCXFile@@V?$allocator@PAVCXFile@@@std@@@std@@QBEIXZ 10005c90 f i BmpFile.obj
 0001:00004cc0       ?erase@?$vector@PAVCXFile@@V?$allocator@PAVCXFile@@@std@@@std@@QAE?AV?$_Vector_iterator@V?$_Vector_val@PAVCXFile@@V?$allocator@PAVCXFile@@@std@@@std@@@2@V?$_Vector_const_iterator@V?$_Vector_val@PAVCXFile@@V?$allocator@PAVCXFile@@@std@@@std@@@2@0@Z 10005cc0 f i BmpFile.obj
 0001:00004f50       ?_Getcont@_Iterator_base12@std@@QBEPBU_Container_base12@2@XZ 10005f50 f i BmpFile.obj
 0001:00004fa0       ?_Xlen@?$vector@PAVCXFile@@V?$allocator@PAVCXFile@@@std@@@std@@IBEXXZ 10005fa0 f i BmpFile.obj
 0001:00004fe0       ?allocate@?$allocator@PAVCXFile@@@std@@QAEPAPAVCXFile@@I@Z 10005fe0 f i BmpFile.obj
 0001:00005020       ??0?$_Vector_const_iterator@V?$_Vector_val@PAVCXFile@@V?$allocator@PAVCXFile@@@std@@@std@@@std@@QAE@PAPAVCXFile@@PBU_Container_base12@1@@Z 10006020 f i BmpFile.obj
 0001:000050c0       ?deallocate@?$allocator@U_Container_proxy@std@@@std@@QAEXPAU_Container_proxy@2@I@Z 100060c0 f i BmpFile.obj
 0001:00005100       ?allocate@?$allocator@U_Container_proxy@std@@@std@@QAEPAU_Container_proxy@2@I@Z 10006100 f i BmpFile.obj
 0001:00005140       ??0?$_Iterator012@Urandom_access_iterator_tag@std@@PAVCXFile@@HPBQAV3@ABQAV3@U_Iterator_base12@2@@std@@QAE@XZ 10006140 f i BmpFile.obj
 0001:00005170       ??0_Iterator_base12@std@@QAE@XZ 10006170 f i BmpFile.obj
 0001:000051b0       ?max_size@?$basic_string@DU?$char_traits@D@std@@V?$allocator@D@2@@std@@QBEIXZ 100061b0 f i BmpFile.obj
 0001:00005220       ?_Copy@?$basic_string@DU?$char_traits@D@std@@V?$allocator@D@2@@std@@QAEXII@Z 10006220 f i BmpFile.obj
 0001:00005430       ?_Xlen@?$basic_string@DU?$char_traits@D@std@@V?$allocator@D@2@@std@@QBEXXZ 10006430 f i BmpFile.obj
 0001:00005470       ?_Make_iter@?$vector@PAVCXFile@@V?$allocator@PAVCXFile@@@std@@@std@@QBE?AV?$_Vector_iterator@V?$_Vector_val@PAVCXFile@@V?$allocator@PAVCXFile@@@std@@@std@@@2@V?$_Vector_const_iterator@V?$_Vector_val@PAVCXFile@@V?$allocator@PAVCXFile@@@std@@@std@@@2@@Z 10006470 f i BmpFile.obj
 0001:00005520       ?_Orphan_range@?$vector@PAVCXFile@@V?$allocator@PAVCXFile@@@std@@@std@@IBEXPAPAVCXFile@@0@Z 10006520 f i BmpFile.obj
 0001:00005690       ?_Clrcont@_Iterator_base12@std@@QAEXXZ 10006690 f i BmpFile.obj
 0001:000056c0       ?_Getpnext@_Iterator_base12@std@@QAEPAPAU12@XZ 100066c0 f i BmpFile.obj
 0001:000056e0       ?max_size@?$allocator@PAVCXFile@@@std@@QBEIXZ 100066e0 f i BmpFile.obj
 0001:00005740       ??9?$_Vector_const_iterator@V?$_Vector_val@PAVCXFile@@V?$allocator@PAVCXFile@@@std@@@std@@@std@@QBE_NABV01@@Z 10006740 f i BmpFile.obj
 0001:00005790       ??M?$_Vector_const_iterator@V?$_Vector_val@PAVCXFile@@V?$allocator@PAVCXFile@@@std@@@std@@@std@@QBE_NABV01@@Z 10006790 f i BmpFile.obj
 0001:000057e0       ??0?$_Vector_iterator@V?$_Vector_val@PAVCXFile@@V?$allocator@PAVCXFile@@@std@@@std@@@std@@QAE@PAPAVCXFile@@PBU_Container_base12@1@@Z 100067e0 f i BmpFile.obj
 0001:00005820       ?allocate@?$allocator@D@std@@QAEPADI@Z 10006820 f i BmpFile.obj
 0001:00005860       ?max_size@?$allocator@D@std@@QBEIXZ 10006860 f i BmpFile.obj
 0001:000058c0       ??8?$_Vector_const_iterator@V?$_Vector_val@PAVCXFile@@V?$allocator@PAVCXFile@@@std@@@std@@@std@@QBE_NABV01@@Z 100068c0 f i BmpFile.obj
 0001:00005910       ?_Compat@?$_Vector_const_iterator@V?$_Vector_val@PAVCXFile@@V?$allocator@PAVCXFile@@@std@@@std@@@std@@QBEXABV12@@Z 10006910 f i BmpFile.obj
 0001:00005a10       ??$_Ucopy@V?$_Vector_const_iterator@V?$_Vector_val@PAVCXFile@@V?$allocator@PAVCXFile@@@std@@@std@@@std@@@?$vector@PAVCXFile@@V?$allocator@PAVCXFile@@@std@@@std@@IAEPAPAVCXFile@@V?$_Vector_const_iterator@V?$_Vector_val@PAVCXFile@@V?$allocator@PAVCXFile@@@std@@@std@@@1@0PAPAV2@@Z 10006a10 f i BmpFile.obj
 0001:00005b20       ??$_Copy_impl@PAPAVCXFile@@PAPAV1@@std@@YAPAPAVCXFile@@PAPAV1@00@Z 10006b20 f i BmpFile.obj
 0001:00005b80       ??$_Ucopy@PAPAVCXFile@@@?$vector@PAVCXFile@@V?$allocator@PAVCXFile@@@std@@@std@@IAEPAPAVCXFile@@PAPAV2@00@Z 10006b80 f i BmpFile.obj
 0001:00005bd0       ??$?0D@?$allocator@U_Container_proxy@std@@@std@@QAE@ABV?$allocator@D@1@@Z 10006bd0 f i BmpFile.obj
 0001:00005bf0       ??$_Cons_val@V?$allocator@U_Container_proxy@std@@@std@@U_Container_proxy@2@U32@@std@@YAXAAV?$allocator@U_Container_proxy@std@@@0@PAU_Container_proxy@0@$$QAU20@@Z 10006bf0 f i BmpFile.obj
 0001:00005c20       ??$_Dest_val@V?$allocator@U_Container_proxy@std@@@std@@U_Container_proxy@2@@std@@YAXAAV?$allocator@U_Container_proxy@std@@@0@PAU_Container_proxy@0@@Z 10006c20 f i BmpFile.obj
 0001:00005c40       ??$_Destroy_range@V?$allocator@PAVCXFile@@@std@@@std@@YAXPAPAVCXFile@@0AAV?$allocator@PAVCXFile@@@0@@Z 10006c40 f i BmpFile.obj
 0001:00005ca0       ??$?0PAVCXFile@@@?$allocator@U_Container_proxy@std@@@std@@QAE@ABV?$allocator@PAVCXFile@@@1@@Z 10006ca0 f i BmpFile.obj
 0001:00005cc0       ??$_Move@PAPAVCXFile@@PAPAV1@@std@@YAPAPAVCXFile@@PAPAV1@00@Z 10006cc0 f i BmpFile.obj
 0001:00005d20       ??$_Allocate@PAVCXFile@@@std@@YAPAPAVCXFile@@IPAPAV1@@Z 10006d20 f i BmpFile.obj
 0001:00005dc0       ??0bad_alloc@std@@QAE@PBD@Z 10006dc0 f i BmpFile.obj
 0001:00005e20       ??1bad_alloc@std@@UAE@XZ   10006e20 f i BmpFile.obj
 0001:00005e70       ??_Gbad_alloc@std@@UAEPAXI@Z 10006e70 f i BmpFile.obj
 0001:00005e70       ??_Ebad_alloc@std@@UAEPAXI@Z 10006e70 f i BmpFile.obj
 0001:00005ec0       ??$_Allocate@U_Container_proxy@std@@@std@@YAPAU_Container_proxy@0@IPAU10@@Z 10006ec0 f i BmpFile.obj
 0001:00005f60       ??$_Allocate@D@std@@YAPADIPAD@Z 10006f60 f i BmpFile.obj
 0001:00005ff0       ??0bad_alloc@std@@QAE@ABV01@@Z 10006ff0 f i BmpFile.obj
 0001:00006050       ?construct@?$allocator@U_Container_proxy@std@@@std@@QAEXPAU_Container_proxy@2@$$QAU32@@Z 10007050 f i BmpFile.obj
 0001:00006120       ??2@YAPAXIPAX@Z            10007120 f i BmpFile.obj
 0001:00006130       ??3@YAXPAX0@Z              10007130 f i BmpFile.obj
 0001:00006140       ?destroy@?$allocator@U_Container_proxy@std@@@std@@QAEXPAU_Container_proxy@2@@Z 10007140 f i BmpFile.obj
 0001:00006180       ??$_Uninitialized_copy@V?$_Vector_const_iterator@V?$_Vector_val@PAVCXFile@@V?$allocator@PAVCXFile@@@std@@@std@@@std@@PAPAVCXFile@@V?$allocator@PAVCXFile@@@2@@std@@YAPAPAVCXFile@@V?$_Vector_const_iterator@V?$_Vector_val@PAVCXFile@@V?$allocator@PAVCXFile@@@std@@@std@@@0@0PAPAV1@AAV?$allocator@PAVCXFile@@@0@@Z 10007180 f i BmpFile.obj
 0001:000062a0       ??$_Ptr_cat@PAVCXFile@@PAV1@@std@@YA?AU_Scalar_ptr_iterator_tag@0@PAPAVCXFile@@0@Z 100072a0 f i BmpFile.obj
 0001:00006300       ??$_Copy_impl@PAPAVCXFile@@PAPAV1@@std@@YAPAPAVCXFile@@PAPAV1@00U_Scalar_ptr_iterator_tag@0@@Z 10007300 f i BmpFile.obj
 0001:00006370       ??$_Uninitialized_copy@PAPAVCXFile@@PAPAV1@V?$allocator@PAVCXFile@@@std@@@std@@YAPAPAVCXFile@@PAPAV1@00AAV?$allocator@PAVCXFile@@@0@@Z 10007370 f i BmpFile.obj
 0001:000063d0       ??$forward@U_Container_proxy@std@@@std@@YA$$QAU_Container_proxy@0@AAU10@@Z 100073d0 f i BmpFile.obj
 0001:000063e0       ??$_Destroy_range@V?$allocator@PAVCXFile@@@std@@@std@@YAXPAPAVCXFile@@0AAV?$allocator@PAVCXFile@@@0@U_Scalar_ptr_iterator_tag@0@@Z 100073e0 f i BmpFile.obj
 0001:000063f0       ??$_Move@PAPAVCXFile@@PAPAV1@@std@@YAPAPAVCXFile@@PAPAV1@00U_Scalar_ptr_iterator_tag@0@@Z 100073f0 f i BmpFile.obj
 0001:00006460       ??$_Destroy@U_Container_proxy@std@@@std@@YAXPAU_Container_proxy@0@@Z 10007460 f i BmpFile.obj
 0001:00006470       ??$_Ptr_cat@V?$_Vector_const_iterator@V?$_Vector_val@PAVCXFile@@V?$allocator@PAVCXFile@@@std@@@std@@@std@@PAPAVCXFile@@@std@@YA?AU_Nonscalar_ptr_iterator_tag@0@AAV?$_Vector_const_iterator@V?$_Vector_val@PAVCXFile@@V?$allocator@PAVCXFile@@@std@@@std@@@0@AAPAPAVCXFile@@@Z 10007470 f i BmpFile.obj
 0001:000064d0       ??$_Uninit_copy@V?$_Vector_const_iterator@V?$_Vector_val@PAVCXFile@@V?$allocator@PAVCXFile@@@std@@@std@@@std@@PAPAVCXFile@@V?$allocator@PAVCXFile@@@2@@std@@YAPAPAVCXFile@@V?$_Vector_const_iterator@V?$_Vector_val@PAVCXFile@@V?$allocator@PAVCXFile@@@std@@@std@@@0@0PAPAV1@AAV?$allocator@PAVCXFile@@@0@U_Nonscalar_ptr_iterator_tag@0@@Z 100074d0 f i BmpFile.obj
 0001:000066c0       ??$_Uninit_copy@PAVCXFile@@PAV1@@std@@YAPAPAVCXFile@@PAPAV1@00AAV?$allocator@PAVCXFile@@@0@U_Scalar_ptr_iterator_tag@0@@Z 100076c0 f i BmpFile.obj
 0001:00006760       ??D?$_Vector_const_iterator@V?$_Vector_val@PAVCXFile@@V?$allocator@PAVCXFile@@@std@@@std@@@std@@QBEABQAVCXFile@@XZ 10007760 f i BmpFile.obj
 0001:00006880       ??E?$_Vector_const_iterator@V?$_Vector_val@PAVCXFile@@V?$allocator@PAVCXFile@@@std@@@std@@@std@@QAEAAV01@XZ 10007880 f i BmpFile.obj
 0001:00006990       ??$_Debug_range@V?$_Vector_const_iterator@V?$_Vector_val@PAVCXFile@@V?$allocator@PAVCXFile@@@std@@@std@@@std@@@std@@YAXV?$_Vector_const_iterator@V?$_Vector_val@PAVCXFile@@V?$allocator@PAVCXFile@@@std@@@std@@@0@0PB_WI@Z 10007990 f i BmpFile.obj
 0001:00006aa0       ??$_Debug_pointer@PAVCXFile@@@std@@YAXPAPAVCXFile@@PB_WI@Z 10007aa0 f i BmpFile.obj
 0001:00006ae0       ??$_Cons_val@V?$allocator@PAVCXFile@@@std@@PAVCXFile@@ABQAV3@@std@@YAXAAV?$allocator@PAVCXFile@@@0@PAPAVCXFile@@ABQAV2@@Z 10007ae0 f i BmpFile.obj
 0001:00006b10       ??$_Dest_val@V?$allocator@PAVCXFile@@@std@@PAVCXFile@@@std@@YAXAAV?$allocator@PAVCXFile@@@0@PAPAVCXFile@@@Z 10007b10 f i BmpFile.obj
 0001:00006b30       ??$_Debug_range@PAPAVCXFile@@@std@@YAXPAPAVCXFile@@0PB_WI@Z 10007b30 f i BmpFile.obj
 0001:00006b90       ?construct@?$allocator@PAVCXFile@@@std@@QAEXPAPAVCXFile@@ABQAV3@@Z 10007b90 f i BmpFile.obj
 0001:00006bd0       ?destroy@?$allocator@PAVCXFile@@@std@@QAEXPAPAVCXFile@@@Z 10007bd0 f i BmpFile.obj
 0001:00006c10       ??$_Iter_cat@V?$_Vector_const_iterator@V?$_Vector_val@PAVCXFile@@V?$allocator@PAVCXFile@@@std@@@std@@@std@@@std@@YA?AUrandom_access_iterator_tag@0@ABV?$_Vector_const_iterator@V?$_Vector_val@PAVCXFile@@V?$allocator@PAVCXFile@@@std@@@std@@@0@@Z 10007c10 f i BmpFile.obj
 0001:00006c80       ??$_Debug_range2@V?$_Vector_const_iterator@V?$_Vector_val@PAVCXFile@@V?$allocator@PAVCXFile@@@std@@@std@@@std@@@std@@YAXV?$_Vector_const_iterator@V?$_Vector_val@PAVCXFile@@V?$allocator@PAVCXFile@@@std@@@std@@@0@0PB_WIUrandom_access_iterator_tag@0@@Z 10007c80 f i BmpFile.obj
 0001:00006d80       ??$forward@ABQAVCXFile@@@std@@YAABQAVCXFile@@ABQAV1@@Z 10007d80 f i BmpFile.obj
 0001:00006d90       ??$_Iter_cat@PAPAVCXFile@@@std@@YA?AUrandom_access_iterator_tag@0@ABQAPAVCXFile@@@Z 10007d90 f i BmpFile.obj
 0001:00006e00       ??$_Debug_range2@PAPAVCXFile@@@std@@YAXPAPAVCXFile@@0PB_WIUrandom_access_iterator_tag@0@@Z 10007e00 f i BmpFile.obj
 0001:00006e80       ??$_Construct@PAVCXFile@@ABQAV1@@std@@YAXPAPAVCXFile@@ABQAV1@@Z 10007e80 f i BmpFile.obj
 0001:00006f50       ??$_Destroy@PAVCXFile@@@std@@YAXPAPAVCXFile@@@Z 10007f50 f i BmpFile.obj
 0001:00006f60       ??$_Debug_pointer@V?$_Vector_const_iterator@V?$_Vector_val@PAVCXFile@@V?$allocator@PAVCXFile@@@std@@@std@@@std@@@std@@YAXAAV?$_Vector_const_iterator@V?$_Vector_val@PAVCXFile@@V?$allocator@PAVCXFile@@@std@@@std@@@0@PB_WI@Z 10007f60 f i BmpFile.obj
 0001:00006f70       ??0CCamera@@QAE@XZ         10007f70 f   Camera.obj
 0001:00007100       ??1CCamera@@QAE@XZ         10008100 f   Camera.obj
 0001:00007120       ?SetViewMatrix@CCamera@@QAEPAUD3DXMATRIX@@AAUD3DXVECTOR3@@00@Z 10008120 f   Camera.obj
 0001:00007240       ?SetProjection@CCamera@@QAEPAUD3DXMATRIX@@MMMM@Z 10008240 f   Camera.obj
 0001:000072c0       ?RotateLocalX@CCamera@@QAEXM@Z 100082c0 f   Camera.obj
 0001:000073b0       ?RotateLocalY@CCamera@@QAEXM@Z 100083b0 f   Camera.obj
 0001:000074a0       ?MoveTo@CCamera@@QAEXPAUD3DXVECTOR3@@@Z 100084a0 f   Camera.obj
 0001:00007560       ?MoveLocalX@CCamera@@QAEXM@Z 10008560 f   Camera.obj
 0001:00007680       ?MoveLocalY@CCamera@@QAEXM@Z 10008680 f   Camera.obj
 0001:000077a0       ?MoveLocalZ@CCamera@@QAEXM@Z 100087a0 f   Camera.obj
 0001:00007b10       ??0D3DXVECTOR3@@QAE@XZ     10008b10 f i Camera.obj
 0001:00007b30       ??0_D3DXMATRIXA16@@QAE@XZ  10008b30 f i Camera.obj
 0001:00007b60       ??0D3DXMATRIX@@QAE@XZ      10008b60 f i Camera.obj
 0001:00007b80       ??0D3DXVECTOR3@@QAE@MMM@Z  10008b80 f i Camera.obj
 0001:00007bc0       ?D3DXMatrixIdentity@@YAPAUD3DXMATRIX@@PAU1@@Z 10008bc0 f i Camera.obj
 0001:00007c70       ??GD3DXVECTOR3@@QBE?AU0@ABU0@@Z 10008c70 f i Camera.obj
 0001:00007d10       ?D3DXVec3Cross@@YAPAUD3DXVECTOR3@@PAU1@PBU1@1@Z 10008d10 f i Camera.obj
 0001:00007e20       ??YD3DXVECTOR3@@QAEAAU0@ABU0@@Z 10008e20 f i Camera.obj
 0001:00007e80       ??XD3DXVECTOR3@@QAEAAU0@M@Z 10008e80 f i Camera.obj
 0001:00007ee0       ??0CD3DApp@@QAE@PAUHWND__@@KKH@Z 10008ee0 f   D3DApp.obj
 0001:00007f90       ??1CD3DApp@@UAE@XZ         10008f90 f   D3DApp.obj
 0001:00007fb0       ?Create@CD3DApp@@EAEJPAUHWND__@@@Z 10008fb0 f   D3DApp.obj
 0001:00007fd0       ?UpdateFrameRate@CD3DApp@@AAEXXZ 10008fd0 f   D3DApp.obj
 0001:00008080       ?Stop@CD3DApp@@UAE_NXZ     10009080 f   D3DApp.obj
 0001:000080a0       ?Run@CD3DApp@@UAE_NXZ      100090a0 f   D3DApp.obj
 0001:00008360       ?MessageHandler@CD3DApp@@UAGJPAUHWND__@@IIJ@Z 10009360 f   D3DApp.obj
 0001:00008660       ?InitD3DDevice@CD3DApp@@AAEJXZ 10009660 f   D3DApp.obj
 0001:00008ab0       ??0D3DXCOLOR@@QAE@MMMM@Z   10009ab0 f i D3DApp.obj
 0001:00008b00       ??BD3DXCOLOR@@QBEKXZ       10009b00 f i D3DApp.obj
 0001:00008d90       ??0CDrawEx@@QAE@XZ         10009d90 f   DrawEx.obj
 0001:00008e10       ??0CDrawEx@@QAE@PAUIDirect3DDevice9@@PAUHWND__@@@Z 10009e10 f   DrawEx.obj
 0001:00008eb0       ??1CDrawEx@@QAE@XZ         10009eb0 f   DrawEx.obj
 0001:00008ee0       ?Release@CDrawEx@@QAEXXZ   10009ee0 f   DrawEx.obj
 0001:00008f30       ?InitDevice@CDrawEx@@QAEJPAUIDirect3DDevice9@@@Z 10009f30 f   DrawEx.obj
 0001:00008f90       ?LoadImageFile@CDrawEx@@QAEJPADPAUSPRITE_TEXTURE@@K@Z 10009f90 f   DrawEx.obj
 0001:00009090       ?CreateSpriteBuffer@CDrawEx@@QAEJXZ 1000a090 f   DrawEx.obj
 0001:00009230       ?DrawSpriteEx@CDrawEx@@QAEXAAUSPRITE_TEXTURE@@MMKKKMMM@Z 1000a230 f   DrawEx.obj
 0001:000093a0       ?DrawSprite@CDrawEx@@QAEXAAUSPRITE_TEXTURE@@K@Z 1000a3a0 f   DrawEx.obj
 0001:00009860       ?RotateSprite@CDrawEx@@QAEXMMMMM@Z 1000a860 f   DrawEx.obj
 0001:000098a0       ?TranslateSprite@CDrawEx@@QAEXMMM@Z 1000a8a0 f   DrawEx.obj
 0001:000098e0       ?ScaleSprite@CDrawEx@@QAEXKK@Z 1000a8e0 f   DrawEx.obj
 0001:00009950       ?ColorFill@@YGXPAUD3DXVECTOR4@@PBUD3DXVECTOR2@@1PAX@Z 1000a950 f   DrawEx.obj
 0001:00009a00       ?CreateFillRectangle@CDrawEx@@QAEXPAUSPRITE_TEXTURE@@HHK@Z 1000aa00 f   DrawEx.obj
 0001:00009ad0       ?CreateFillRectangleEx@CDrawEx@@QAEXPAUSPRITE_TEXTURE@@HHKI@Z 1000aad0 f   DrawEx.obj
 0001:00009ba0       ?FillRectangle@CDrawEx@@QAEXHHHHKMM@Z 1000aba0 f   DrawEx.obj
 0001:0000a060       ??DD3DXMATRIX@@QBE?AU0@ABU0@@Z 1000b060 f i DrawEx.obj
 0001:0000a120       ??0D3DXVECTOR4@@QAE@MMMM@Z 1000b120 f i DrawEx.obj
 0001:0000a170       ??0SPRITE_TEXTURE@@QAE@XZ  1000b170 f i DrawEx.obj
 0001:0000a1b0       ??1SPRITE_TEXTURE@@QAE@XZ  1000b1b0 f i DrawEx.obj
 0001:0000a220       ??0CGameMain@@QAE@PAUHWND__@@KKABV?$basic_string@DU?$char_traits@D@std@@V?$allocator@D@2@@std@@H@Z 1000b220 f   GameMain.obj
 0001:0000a2d0       ??1CGameMain@@UAE@XZ       1000b2d0 f   GameMain.obj
 0001:0000a510       ?Init@CGameMain@@QAEXXZ    1000b510 f   GameMain.obj
 0001:0000a620       ?LoadScene@CGameMain@@UAE_NXZ 1000b620 f   GameMain.obj
 0001:0000b1f0       ?Keydown@CGameMain@@QAE_NXZ 1000c1f0 f   GameMain.obj
 0001:0000b310       ?MouseMove@CGameMain@@QAE_NXZ 1000c310 f   GameMain.obj
 0001:0000b4b0       ?FrameMove@CGameMain@@UAE_NXZ 1000c4b0 f   GameMain.obj
 0001:0000b920       ?Render@CGameMain@@UAE_NXZ 1000c920 f   GameMain.obj
 0001:0000c060       ?SetupLight@CGameMain@@QAE_NXZ 1000d060 f   GameMain.obj
 0001:0000c220       ?SetupPixelFog@CGameMain@@QAE_NKK@Z 1000d220 f   GameMain.obj
 0001:0000c360       ?OnLButtonDown@CGameMain@@UAE_NHHI@Z 1000d360 f   GameMain.obj
 0001:0000c390       ?OnLButtonUp@CGameMain@@UAE_NHHI@Z 1000d390 f   GameMain.obj
 0001:0000cc30       ??_GCXFile@@QAEPAXI@Z      1000dc30 f i GameMain.obj
 0001:0000cc80       ??_GCCamera@@QAEPAXI@Z     1000dc80 f i GameMain.obj
 0001:0000ccd0       ??0CTimer@@QAE@XZ          1000dcd0 f i GameMain.obj
 0001:0000cd30       ?Stop@CTimer@@QAEXXZ       1000dd30 f i GameMain.obj
 0001:0000cd70       ?Pause@CTimer@@QAEXXZ      1000dd70 f i GameMain.obj
 0001:0000cd90       ??_ECTimer@@UAEPAXI@Z      1000dd90 f i GameMain.obj
 0001:0000cd90       ??_GCTimer@@UAEPAXI@Z      1000dd90 f i GameMain.obj
 0001:0000cde0       ??1CTimer@@UAE@XZ          1000dde0 f i GameMain.obj
 0001:0000cfb0       ??1?$_Vector_iterator@V?$_Vector_val@PAVCTimer@@V?$allocator@PAVCTimer@@@std@@@std@@@std@@QAE@XZ 1000dfb0 f i GameMain.obj
 0001:0000cfe0       ??4?$_Vector_iterator@V?$_Vector_val@PAVCTimer@@V?$allocator@PAVCTimer@@@std@@@std@@@std@@QAEAAV01@ABV01@@Z 1000dfe0 f i GameMain.obj
 0001:0000d020       ??0?$_Vector_const_iterator@V?$_Vector_val@PAVCTimer@@V?$allocator@PAVCTimer@@@std@@@std@@@std@@QAE@ABV01@@Z 1000e020 f i GameMain.obj
 0001:0000d070       ??1?$_Vector_const_iterator@V?$_Vector_val@PAVCTimer@@V?$allocator@PAVCTimer@@@std@@@std@@@std@@QAE@XZ 1000e070 f i GameMain.obj
 0001:0000d0a0       ??4?$_Vector_const_iterator@V?$_Vector_val@PAVCTimer@@V?$allocator@PAVCTimer@@@std@@@std@@@std@@QAEAAV01@ABV01@@Z 1000e0a0 f i GameMain.obj
 0001:0000d0f0       ??0?$_Iterator012@Urandom_access_iterator_tag@std@@PAVCTimer@@HPBQAV3@ABQAV3@U_Iterator_base12@2@@std@@QAE@ABU01@@Z 1000e0f0 f i GameMain.obj
 0001:0000d130       ??1?$_Iterator012@Urandom_access_iterator_tag@std@@PAVCTimer@@HPBQAV3@ABQAV3@U_Iterator_base12@2@@std@@QAE@XZ 1000e130 f i GameMain.obj
 0001:0000d160       ??4?$_Iterator012@Urandom_access_iterator_tag@std@@PAVCTimer@@HPBQAV3@ABQAV3@U_Iterator_base12@2@@std@@QAEAAU01@ABU01@@Z 1000e160 f i GameMain.obj
 0001:0000d1a0       ?SetTranslation@CXFile@@QAEXMMM@Z 1000e1a0 f i GameMain.obj
 0001:0000d220       ?SetTranslation@CXFile@@QAEXABUD3DXVECTOR3@@@Z 1000e220 f i GameMain.obj
 0001:0000d260       ?GetFVF@CXFile@@QAEKXZ     1000e260 f i GameMain.obj
 0001:0000d2d0       ??_H@YGXPAXIHP6EPAX0@Z@Z   1000e2d0 f i GameMain.obj
 0001:0000d320       ?RotateX@CPlayer@@QAE_NM@Z 1000e320 f i GameMain.obj
 0001:0000d360       ?RotateY@CPlayer@@QAE_NM@Z 1000e360 f i GameMain.obj
 0001:0000d3a0       ?UpdateAll@CTimer@@SAXM@Z  1000e3a0 f i GameMain.obj
 0001:0000d4f0       ?Update@CTimer@@QAEXM@Z    1000e4f0 f i GameMain.obj
 0001:0000d540       ?Create@CPicking@@QAEPAV1@PAVZTerrain@@@Z 1000e540 f i GameMain.obj
 0001:0000d570       ?Create@CPicking@@QAEPAV1@PAVCXFile@@@Z 1000e570 f i GameMain.obj
 0001:0000d5a0       ??0_D3DXMATRIXA16@@QAE@ABU_D3DMATRIX@@@Z 1000e5a0 f i GameMain.obj
 0001:0000d5e0       ??0D3DXMATRIX@@QAE@ABU_D3DMATRIX@@@Z 1000e5e0 f i GameMain.obj
 0001:0000d620       ??4_D3DXMATRIXA16@@QAEAAU0@ABUD3DXMATRIX@@@Z 1000e620 f i GameMain.obj
 0001:0000d660       ?GetEyePt@CCamera@@QAE?AUD3DXVECTOR3@@XZ 1000e660 f i GameMain.obj
 0001:0000d6a0       ?GetViewMatrix@CCamera@@QAEPAUD3DXMATRIX@@XZ 1000e6a0 f i GameMain.obj
 0001:0000d6c0       ?GetProjMatrix@CCamera@@QAE?AUD3DXMATRIX@@XZ 1000e6c0 f i GameMain.obj
 0001:0000d700       ??0?$basic_string@DU?$char_traits@D@std@@V?$allocator@D@2@@std@@QAE@PBD@Z 1000e700 f i GameMain.obj
 0001:0000d7b0       ??1?$basic_string@DU?$char_traits@D@std@@V?$allocator@D@2@@std@@QAE@XZ 1000e7b0 f i GameMain.obj
 0001:0000d840       ?begin@?$vector@PAVCTimer@@V?$allocator@PAVCTimer@@@std@@@std@@QAE?AV?$_Vector_iterator@V?$_Vector_val@PAVCTimer@@V?$allocator@PAVCTimer@@@std@@@std@@@2@XZ 1000e840 f i GameMain.obj
 0001:0000d8a0       ?end@?$vector@PAVCTimer@@V?$allocator@PAVCTimer@@@std@@@std@@QAE?AV?$_Vector_iterator@V?$_Vector_val@PAVCTimer@@V?$allocator@PAVCTimer@@@std@@@std@@@2@XZ 1000e8a0 f i GameMain.obj
 0001:0000d900       ?push_back@?$vector@PAVCTimer@@V?$allocator@PAVCTimer@@@std@@@std@@QAEXABQAVCTimer@@@Z 1000e900 f i GameMain.obj
 0001:0000da60       ?erase@?$vector@PAVCTimer@@V?$allocator@PAVCTimer@@@std@@@std@@QAE?AV?$_Vector_iterator@V?$_Vector_val@PAVCTimer@@V?$allocator@PAVCTimer@@@std@@@std@@@2@V?$_Vector_const_iterator@V?$_Vector_val@PAVCTimer@@V?$allocator@PAVCTimer@@@std@@@std@@@2@@Z 1000ea60 f i GameMain.obj
 0001:0000dbf0       ??0?$_Vector_iterator@V?$_Vector_val@PAVCTimer@@V?$allocator@PAVCTimer@@@std@@@std@@@std@@QAE@XZ 1000ebf0 f i GameMain.obj
 0001:0000dc20       ??D?$_Vector_iterator@V?$_Vector_val@PAVCTimer@@V?$allocator@PAVCTimer@@@std@@@std@@@std@@QBEAAPAVCTimer@@XZ 1000ec20 f i GameMain.obj
 0001:0000dc50       ??E?$_Vector_iterator@V?$_Vector_val@PAVCTimer@@V?$allocator@PAVCTimer@@@std@@@std@@@std@@QAE?AV01@H@Z 1000ec50 f i GameMain.obj
 0001:0000dd50       ??9?$_Vector_const_iterator@V?$_Vector_val@PAVCTimer@@V?$allocator@PAVCTimer@@@std@@@std@@@std@@QBE_NABV01@@Z 1000ed50 f i GameMain.obj
 0001:0000dda0       ??0?$vector@PAVCXFile@@V?$allocator@PAVCXFile@@@std@@@std@@QAE@XZ 1000eda0 f i GameMain.obj
 0001:0000ddf0       ?reserve@?$vector@PAVCXFile@@V?$allocator@PAVCXFile@@@std@@@std@@QAEXI@Z 1000edf0 f i GameMain.obj
 0001:0000dfd0       ??A?$vector@PAVCXFile@@V?$allocator@PAVCXFile@@@std@@@std@@QAEAAPAVCXFile@@I@Z 1000efd0 f i GameMain.obj
 0001:0000e0c0       ?push_back@?$vector@PAVCXFile@@V?$allocator@PAVCXFile@@@std@@@std@@QAEXABQAVCXFile@@@Z 1000f0c0 f i GameMain.obj
 0001:0000e220       ??D?$_Vector_iterator@V?$_Vector_val@PAVCXFile@@V?$allocator@PAVCXFile@@@std@@@std@@@std@@QBEAAPAVCXFile@@XZ 1000f220 f i GameMain.obj
 0001:0000e250       ??E?$_Vector_iterator@V?$_Vector_val@PAVCXFile@@V?$allocator@PAVCXFile@@@std@@@std@@@std@@QAEAAV01@XZ 1000f250 f i GameMain.obj
 0001:0000e280       ??0?$_Vector_iterator@V?$_Vector_val@PAVCTimer@@V?$allocator@PAVCTimer@@@std@@@std@@@std@@QAE@ABV01@@Z 1000f280 f i GameMain.obj
 0001:0000e2c0       ?assign@?$basic_string@DU?$char_traits@D@std@@V?$allocator@D@2@@std@@QAEAAV12@PBD@Z 1000f2c0 f i GameMain.obj
 0001:0000e320       ?length@?$char_traits@D@std@@SAIPBD@Z 1000f320 f i GameMain.obj
 0001:0000e340       ??0?$allocator@D@std@@QAE@XZ 1000f340 f i GameMain.obj
 0001:0000e360       ?_Make_iter@?$vector@PAVCTimer@@V?$allocator@PAVCTimer@@@std@@@std@@QBE?AV?$_Vector_iterator@V?$_Vector_val@PAVCTimer@@V?$allocator@PAVCTimer@@@std@@@std@@@2@V?$_Vector_const_iterator@V?$_Vector_val@PAVCTimer@@V?$allocator@PAVCTimer@@@std@@@std@@@2@@Z 1000f360 f i GameMain.obj
 0001:0000e410       ?_Destroy@?$vector@PAVCTimer@@V?$allocator@PAVCTimer@@@std@@@std@@IAEXPAPAVCTimer@@0@Z 1000f410 f i GameMain.obj
 0001:0000e460       ?_Inside@?$vector@PAVCTimer@@V?$allocator@PAVCTimer@@@std@@@std@@IBE_NPBQAVCTimer@@@Z 1000f460 f i GameMain.obj
 0001:0000e4c0       ?_Reserve@?$vector@PAVCTimer@@V?$allocator@PAVCTimer@@@std@@@std@@IAEXI@Z 1000f4c0 f i GameMain.obj
 0001:0000e560       ?_Orphan_range@?$vector@PAVCTimer@@V?$allocator@PAVCTimer@@@std@@@std@@IBEXPAPAVCTimer@@0@Z 1000f560 f i GameMain.obj
 0001:0000e6d0       ??0?$_Vector_iterator@V?$_Vector_val@PAVCTimer@@V?$allocator@PAVCTimer@@@std@@@std@@@std@@QAE@PAPAVCTimer@@PBU_Container_base12@1@@Z 1000f6d0 f i GameMain.obj
 0001:0000e710       ??E?$_Vector_iterator@V?$_Vector_val@PAVCTimer@@V?$allocator@PAVCTimer@@@std@@@std@@@std@@QAEAAV01@XZ 1000f710 f i GameMain.obj
 0001:0000e740       ??0?$_Vector_const_iterator@V?$_Vector_val@PAVCTimer@@V?$allocator@PAVCTimer@@@std@@@std@@@std@@QAE@XZ 1000f740 f i GameMain.obj
 0001:0000e780       ??D?$_Vector_const_iterator@V?$_Vector_val@PAVCTimer@@V?$allocator@PAVCTimer@@@std@@@std@@@std@@QBEABQAVCTimer@@XZ 1000f780 f i GameMain.obj
 0001:0000e8a0       ??8?$_Vector_const_iterator@V?$_Vector_val@PAVCTimer@@V?$allocator@PAVCTimer@@@std@@@std@@@std@@QBE_NABV01@@Z 1000f8a0 f i GameMain.obj
 0001:0000e8f0       ?_Inside@?$vector@PAVCXFile@@V?$allocator@PAVCXFile@@@std@@@std@@IBE_NPBQAVCXFile@@@Z 1000f8f0 f i GameMain.obj
 0001:0000e950       ?_Reserve@?$vector@PAVCXFile@@V?$allocator@PAVCXFile@@@std@@@std@@IAEXI@Z 1000f950 f i GameMain.obj
 0001:0000e9f0       ??0?$allocator@PAVCXFile@@@std@@QAE@XZ 1000f9f0 f i GameMain.obj
 0001:0000ea10       ??0?$_Iterator012@Urandom_access_iterator_tag@std@@PAVCTimer@@HPBQAV3@ABQAV3@U_Iterator_base12@2@@std@@QAE@XZ 1000fa10 f i GameMain.obj
 0001:0000ea40       ?assign@?$basic_string@DU?$char_traits@D@std@@V?$allocator@D@2@@std@@QAEAAV12@PBDI@Z 1000fa40 f i GameMain.obj
 0001:0000eb20       ?reserve@?$vector@PAVCTimer@@V?$allocator@PAVCTimer@@@std@@@std@@QAEXI@Z 1000fb20 f i GameMain.obj
 0001:0000ed00       ?capacity@?$vector@PAVCTimer@@V?$allocator@PAVCTimer@@@std@@@std@@QBEIXZ 1000fd00 f i GameMain.obj
 0001:0000ed30       ?size@?$vector@PAVCTimer@@V?$allocator@PAVCTimer@@@std@@@std@@QBEIXZ 1000fd30 f i GameMain.obj
 0001:0000ed60       ?max_size@?$vector@PAVCTimer@@V?$allocator@PAVCTimer@@@std@@@std@@QBEIXZ 1000fd60 f i GameMain.obj
 0001:0000ed90       ?_Grow_to@?$vector@PAVCTimer@@V?$allocator@PAVCTimer@@@std@@@std@@IBEII@Z 1000fd90 f i GameMain.obj
 0001:0000ee30       ?_Xlen@?$vector@PAVCTimer@@V?$allocator@PAVCTimer@@@std@@@std@@IBEXXZ 1000fe30 f i GameMain.obj
 0001:0000ee70       ??0?$_Vector_const_iterator@V?$_Vector_val@PAVCTimer@@V?$allocator@PAVCTimer@@@std@@@std@@@std@@QAE@PAPAVCTimer@@PBU_Container_base12@1@@Z 1000fe70 f i GameMain.obj
 0001:0000ef10       ??E?$_Vector_const_iterator@V?$_Vector_val@PAVCTimer@@V?$allocator@PAVCTimer@@@std@@@std@@@std@@QAEAAV01@XZ 1000ff10 f i GameMain.obj
 0001:0000f020       ?_Compat@?$_Vector_const_iterator@V?$_Vector_val@PAVCTimer@@V?$allocator@PAVCTimer@@@std@@@std@@@std@@QBEXABV12@@Z 10010020 f i GameMain.obj
 0001:0000f120       ?_Grow_to@?$vector@PAVCXFile@@V?$allocator@PAVCXFile@@@std@@@std@@IBEII@Z 10010120 f i GameMain.obj
 0001:0000f1c0       ?_Inside@?$basic_string@DU?$char_traits@D@std@@V?$allocator@D@2@@std@@QAE_NPBD@Z 100101c0 f i GameMain.obj
 0001:0000f220       ?deallocate@?$allocator@PAVCTimer@@@std@@QAEXPAPAVCTimer@@I@Z 10010220 f i GameMain.obj
 0001:0000f260       ?allocate@?$allocator@PAVCTimer@@@std@@QAEPAPAVCTimer@@I@Z 10010260 f i GameMain.obj
 0001:0000f2a0       ?max_size@?$allocator@PAVCTimer@@@std@@QBEIXZ 100102a0 f i GameMain.obj
 0001:0000f300       ??$_Debug_pointer@D@std@@YAXPBDPB_WI@Z 10010300 f i GameMain.obj
 0001:0000f340       ??$addressof@QAVCTimer@@@std@@YAPBQAVCTimer@@ABQAV1@@Z 10010340 f i GameMain.obj
 0001:0000f350       ??$_Cons_val@V?$allocator@PAVCTimer@@@std@@PAVCTimer@@AAPAV3@@std@@YAXAAV?$allocator@PAVCTimer@@@0@PAPAVCTimer@@AAPAV2@@Z 10010350 f i GameMain.obj
 0001:0000f380       ??$_Cons_val@V?$allocator@PAVCTimer@@@std@@PAVCTimer@@ABQAV3@@std@@YAXAAV?$allocator@PAVCTimer@@@0@PAPAVCTimer@@ABQAV2@@Z 10010380 f i GameMain.obj
 0001:0000f3b0       ??$_Move@PAPAVCTimer@@PAPAV1@@std@@YAPAPAVCTimer@@PAPAV1@00@Z 100103b0 f i GameMain.obj
 0001:0000f410       ??$_Umove@PAPAVCXFile@@@?$vector@PAVCXFile@@V?$allocator@PAVCXFile@@@std@@@std@@IAEPAPAVCXFile@@PAPAV2@00@Z 10010410 f i GameMain.obj
 0001:0000f460       ??$addressof@QAVCXFile@@@std@@YAPBQAVCXFile@@ABQAV1@@Z 10010460 f i GameMain.obj
 0001:0000f470       ??$_Cons_val@V?$allocator@PAVCXFile@@@std@@PAVCXFile@@AAPAV3@@std@@YAXAAV?$allocator@PAVCXFile@@@0@PAPAVCXFile@@AAPAV2@@Z 10010470 f i GameMain.obj
 0001:0000f4a0       ??$_Destroy_range@V?$allocator@PAVCTimer@@@std@@@std@@YAXPAPAVCTimer@@0AAV?$allocator@PAVCTimer@@@0@@Z 100104a0 f i GameMain.obj
 0001:0000f500       ??$_Umove@PAPAVCTimer@@@?$vector@PAVCTimer@@V?$allocator@PAVCTimer@@@std@@@std@@IAEPAPAVCTimer@@PAPAV2@00@Z 10010500 f i GameMain.obj
 0001:0000f550       ??$_Allocate@PAVCTimer@@@std@@YAPAPAVCTimer@@IPAPAV1@@Z 10010550 f i GameMain.obj
 0001:0000f5f0       ?construct@?$allocator@PAVCTimer@@@std@@QAEXPAPAVCTimer@@ABQAV3@@Z 100105f0 f i GameMain.obj
 0001:0000f630       ??$forward@AAPAVCTimer@@@std@@YAAAPAVCTimer@@AAPAV1@@Z 10010630 f i GameMain.obj
 0001:0000f640       ??$construct@AAPAVCTimer@@@?$allocator@PAVCTimer@@@std@@QAEXPAPAVCTimer@@AAPAV2@@Z 10010640 f i GameMain.obj
 0001:0000f710       ??$forward@ABQAVCTimer@@@std@@YAABQAVCTimer@@ABQAV1@@Z 10010710 f i GameMain.obj
 0001:0000f720       ??$_Ptr_cat@PAVCTimer@@PAV1@@std@@YA?AU_Scalar_ptr_iterator_tag@0@PAPAVCTimer@@0@Z 10010720 f i GameMain.obj
 0001:0000f780       ??$_Move@PAPAVCTimer@@PAPAV1@@std@@YAPAPAVCTimer@@PAPAV1@00U_Scalar_ptr_iterator_tag@0@@Z 10010780 f i GameMain.obj
 0001:0000f7f0       ??$_Uninitialized_move@PAPAVCXFile@@PAPAV1@V?$allocator@PAVCXFile@@@std@@@std@@YAPAPAVCXFile@@PAPAV1@00AAV?$allocator@PAVCXFile@@@0@@Z 100107f0 f i GameMain.obj
 0001:0000f860       ??$forward@AAPAVCXFile@@@std@@YAAAPAVCXFile@@AAPAV1@@Z 10010860 f i GameMain.obj
 0001:0000f870       ??$construct@AAPAVCXFile@@@?$allocator@PAVCXFile@@@std@@QAEXPAPAVCXFile@@AAPAV2@@Z 10010870 f i GameMain.obj
 0001:0000f940       ??$_Destroy_range@V?$allocator@PAVCTimer@@@std@@@std@@YAXPAPAVCTimer@@0AAV?$allocator@PAVCTimer@@@0@U_Scalar_ptr_iterator_tag@0@@Z 10010940 f i GameMain.obj
 0001:0000f950       ??$_Uninitialized_move@PAPAVCTimer@@PAPAV1@V?$allocator@PAVCTimer@@@std@@@std@@YAPAPAVCTimer@@PAPAV1@00AAV?$allocator@PAVCTimer@@@0@@Z 10010950 f i GameMain.obj
 0001:0000f9c0       ??$_Construct@PAVCTimer@@ABQAV1@@std@@YAXPAPAVCTimer@@ABQAV1@@Z 100109c0 f i GameMain.obj
 0001:0000fa90       ??$_Val_type@PAPAVCXFile@@@std@@YAPAPAVCXFile@@PAPAV1@@Z 10010a90 f i GameMain.obj
 0001:0000faa0       ??$_Uninit_move@PAVCXFile@@PAV1@PAV1@@std@@YAPAPAVCXFile@@PAPAV1@00AAV?$allocator@PAVCXFile@@@0@0U_Scalar_ptr_iterator_tag@0@@Z 10010aa0 f i GameMain.obj
 0001:0000fb40       ??$_Val_type@PAPAVCTimer@@@std@@YAPAPAVCTimer@@PAPAV1@@Z 10010b40 f i GameMain.obj
 0001:0000fb50       ??$_Uninit_move@PAVCTimer@@PAV1@PAV1@@std@@YAPAPAVCTimer@@PAPAV1@00AAV?$allocator@PAVCTimer@@@0@0U_Scalar_ptr_iterator_tag@0@@Z 10010b50 f i GameMain.obj
 0001:0000fbf0       ??$_Debug_range@PAPAVCTimer@@@std@@YAXPAPAVCTimer@@0PB_WI@Z 10010bf0 f i GameMain.obj
 0001:0000fc50       ??$_Debug_pointer@PAVCTimer@@@std@@YAXPAPAVCTimer@@PB_WI@Z 10010c50 f i GameMain.obj
 0001:0000fc90       ??$_Iter_cat@PAPAVCTimer@@@std@@YA?AUrandom_access_iterator_tag@0@ABQAPAVCTimer@@@Z 10010c90 f i GameMain.obj
 0001:0000fd00       ??$_Debug_range2@PAPAVCTimer@@@std@@YAXPAPAVCTimer@@0PB_WIUrandom_access_iterator_tag@0@@Z 10010d00 f i GameMain.obj
 0001:0000fd80       ??0CPicking@@QAE@XZ        10010d80 f   Picking.obj
 0001:0000fdf0       ??1CPicking@@QAE@XZ        10010df0 f   Picking.obj
 0001:0000fe10       ?Init@CPicking@@QAEXXZ     10010e10 f   Picking.obj
 0001:0000ffc0       ?Create@CPicking@@QAEJABUD3DXMATRIX@@I@Z 10010fc0 f   Picking.obj
 0001:0000fff0       ?Unprojection@CPicking@@QAEHPAUIDirect3DDevice9@@PAVCCamera@@PAUtagPOINT@@PAUD3DXVECTOR3@@3@Z 10010ff0 f   Picking.obj
 0001:000102d0       ?TriangleIntersectTerrain@CPicking@@QAEKPAUD3DXVECTOR3@@0@Z 100112d0 f   Picking.obj
 0001:000105d0       ?TriangleIntersect@CPicking@@QAEKPAUD3DXVECTOR3@@0@Z 100115d0 f   Picking.obj
 0001:000109a0       ?IntersectTriangle@CPicking@@AAEHABUD3DXVECTOR3@@0AAU2@11PAM22@Z 100119a0 f   Picking.obj
 0001:00010fd0       ??HD3DXVECTOR3@@QBE?AU0@ABU0@@Z 10011fd0 f i Picking.obj
 0001:00011070       ??DD3DXVECTOR3@@QBE?AU0@M@Z 10012070 f i Picking.obj
 0001:00011100       ?GetVertex@ZTerrain@@QAEPAUTERRAINVERTEX@@HH@Z 10012100 f i Picking.obj
 0001:00011140       ?GetCullTri@ZTerrain@@QAEHXZ 10012140 f i Picking.obj
 0001:00011160       ?GetCullIndex@ZTerrain@@QAEPAUTRIINDEX@@XZ 10012160 f i Picking.obj
 0001:00011180       ?GetMesh@CXFile@@QAEPAUID3DXMesh@@XZ 10012180 f i Picking.obj
 0001:000111b0       ?GetWorldMat@CXFile@@QAEPAUD3DXMATRIX@@XZ 100121b0 f i Picking.obj
 0001:000111d0       ?D3DXVec3Dot@@YAMPBUD3DXVECTOR3@@0@Z 100121d0 f i Picking.obj
 0001:00011220       ??0CPlayer@@QAE@XZ         10012220 f   Player.obj
 0001:000112f0       ??1CPlayer@@QAE@XZ         100122f0 f   Player.obj
 0001:00011450       ?Create@CPlayer@@QAEJPAUIDirect3DDevice9@@PAVCCamera@@ABUD3DXVECTOR3@@PAVZTerrain@@@Z 10012450 f   Player.obj
 0001:00011cb0       ?SetPos@CPlayer@@QAEXUD3DXVECTOR3@@@Z 10012cb0 f   Player.obj
 0001:00011d90       ?Move@CPlayer@@QAE_ND@Z    10012d90 f   Player.obj
 0001:000120a0       ?Roate@CPlayer@@AAE_NDM@Z  100130a0 f   Player.obj
 0001:000121b0       ?FrameMove@CPlayer@@QAE_NM@Z 100131b0 f   Player.obj
 0001:000122f0       ?Render@CPlayer@@QAE_NXZ   100132f0 f   Player.obj
 0001:00012440       ?SetLight@CPlayer@@QAE_NXZ 10013440 f   Player.obj
 0001:00012510       ?State@CPlayer@@QAE_NW4PlayerState@@@Z 10013510 f   Player.obj
 0001:00012560       ?Act_Attack@CPlayer@@QAE_NXZ 10013560 f   Player.obj
 0001:000129c0       ?Collision@CPlayer@@QAE_NPAVCPicking@@@Z 100139c0 f   Player.obj
 0001:00012fd0       ?Start@CTimer@@QAEXXZ      10013fd0 f i Player.obj
 0001:00012ff0       ?Begin@CTimer@@QAEXXZ      10013ff0 f i Player.obj
 0001:00013030       ?Scaling@CModel@@QAEXMMM@Z 10014030 f i Player.obj
 0001:000130b0       ?Scaling@CModel@@QAEXABUD3DXVECTOR3@@@Z 100140b0 f i Player.obj
 0001:00013110       ?Translation@CModel@@QAEXMMM@Z 10014110 f i Player.obj
 0001:00013190       ?Translation@CModel@@QAEXABUD3DXVECTOR3@@@Z 10014190 f i Player.obj
 0001:000131f0       ?SetCamera@CModel@@QAEXPAVCCamera@@@Z 100141f0 f i Player.obj
 0001:00013220       ??0EFFECT_CREATEINFO@@QAE@XZ 10014220 f i Player.obj
 0001:00013280       ??GD3DXVECTOR3@@QBE?AU0@XZ 10014280 f i Player.obj
 0001:000132e0       ?GetElaps@CTimer@@QAEMXZ   100142e0 f i Player.obj
 0001:00013300       ?GetViewDir@CCamera@@QAE?AUD3DXVECTOR3@@XZ 10014300 f i Player.obj
 0001:00013340       ?GetRightPt@CCamera@@QAE?AUD3DXVECTOR3@@XZ 10014340 f i Player.obj
 0001:00013380       ??1?$_Vector_iterator@V?$_Vector_val@PAVCEffect@@V?$allocator@PAVCEffect@@@std@@@std@@@std@@QAE@XZ 10014380 f i Player.obj
 0001:000133b0       ??1?$_Vector_const_iterator@V?$_Vector_val@PAVCEffect@@V?$allocator@PAVCEffect@@@std@@@std@@@std@@QAE@XZ 100143b0 f i Player.obj
 0001:000133e0       ??1?$_Iterator012@Urandom_access_iterator_tag@std@@PAVCEffect@@HPBQAV3@ABQAV3@U_Iterator_base12@2@@std@@QAE@XZ 100143e0 f i Player.obj
 0001:00013410       ?GetTime@CTimer@@QAEMXZ    10014410 f i Player.obj
 0001:00013430       ??0EFFECT_INFO@@QAE@XZ     10014430 f i Player.obj
 0001:000134d0       ?GetType@CEffect@@QAE?AW4EffectType@@XZ 100144d0 f i Player.obj
 0001:000134f0       ??1EFFECT_INFO@@QAE@XZ     100144f0 f i Player.obj
 0001:00013520       ??0?$vector@PAVCEffect@@V?$allocator@PAVCEffect@@@std@@@std@@QAE@XZ 10014520 f i Player.obj
 0001:00013570       ??1?$vector@PAVCEffect@@V?$allocator@PAVCEffect@@@std@@@std@@QAE@XZ 10014570 f i Player.obj
 0001:000135f0       ?begin@?$vector@PAVCEffect@@V?$allocator@PAVCEffect@@@std@@@std@@QAE?AV?$_Vector_iterator@V?$_Vector_val@PAVCEffect@@V?$allocator@PAVCEffect@@@std@@@std@@@2@XZ 100145f0 f i Player.obj
 0001:00013650       ?end@?$vector@PAVCEffect@@V?$allocator@PAVCEffect@@@std@@@std@@QAE?AV?$_Vector_iterator@V?$_Vector_val@PAVCEffect@@V?$allocator@PAVCEffect@@@std@@@std@@@2@XZ 10014650 f i Player.obj
 0001:000136b0       ?size@?$vector@PAVCEffect@@V?$allocator@PAVCEffect@@@std@@@std@@QBEIXZ 100146b0 f i Player.obj
 0001:000136e0       ?empty@?$vector@PAVCEffect@@V?$allocator@PAVCEffect@@@std@@@std@@QBE_NXZ 100146e0 f i Player.obj
 0001:00013710       ??A?$vector@PAVCEffect@@V?$allocator@PAVCEffect@@@std@@@std@@QAEAAPAVCEffect@@I@Z 10014710 f i Player.obj
 0001:00013800       ?push_back@?$vector@PAVCEffect@@V?$allocator@PAVCEffect@@@std@@@std@@QAEXABQAVCEffect@@@Z 10014800 f i Player.obj
 0001:00013960       ?clear@?$vector@PAVCEffect@@V?$allocator@PAVCEffect@@@std@@@std@@QAEXXZ 10014960 f i Player.obj
 0001:00013a90       ??D?$_Vector_iterator@V?$_Vector_val@PAVCEffect@@V?$allocator@PAVCEffect@@@std@@@std@@@std@@QBEAAPAVCEffect@@XZ 10014a90 f i Player.obj
 0001:00013ac0       ??E?$_Vector_iterator@V?$_Vector_val@PAVCEffect@@V?$allocator@PAVCEffect@@@std@@@std@@@std@@QAEAAV01@XZ 10014ac0 f i Player.obj
 0001:00013af0       ??9?$_Vector_const_iterator@V?$_Vector_val@PAVCEffect@@V?$allocator@PAVCEffect@@@std@@@std@@@std@@QBE_NABV01@@Z 10014af0 f i Player.obj
 0001:00013b40       ??0?$_Vector_const_iterator@V?$_Vector_val@PAVCEffect@@V?$allocator@PAVCEffect@@@std@@@std@@@std@@QAE@ABV01@@Z 10014b40 f i Player.obj
 0001:00013b90       ??0?$_Iterator012@Urandom_access_iterator_tag@std@@PAVCEffect@@HPBQAV3@ABQAV3@U_Iterator_base12@2@@std@@QAE@ABU01@@Z 10014b90 f i Player.obj
 0001:00013bd0       ?erase@?$vector@PAVCEffect@@V?$allocator@PAVCEffect@@@std@@@std@@QAE?AV?$_Vector_iterator@V?$_Vector_val@PAVCEffect@@V?$allocator@PAVCEffect@@@std@@@std@@@2@V?$_Vector_const_iterator@V?$_Vector_val@PAVCEffect@@V?$allocator@PAVCEffect@@@std@@@std@@@2@0@Z 10014bd0 f i Player.obj
 0001:00013e60       ?_Inside@?$vector@PAVCEffect@@V?$allocator@PAVCEffect@@@std@@@std@@IBE_NPBQAVCEffect@@@Z 10014e60 f i Player.obj
 0001:00013ec0       ?_Reserve@?$vector@PAVCEffect@@V?$allocator@PAVCEffect@@@std@@@std@@IAEXI@Z 10014ec0 f i Player.obj
 0001:00013f60       ?_Tidy@?$vector@PAVCEffect@@V?$allocator@PAVCEffect@@@std@@@std@@IAEXXZ 10014f60 f i Player.obj
 0001:00014020       ?_Orphan_range@?$vector@PAVCEffect@@V?$allocator@PAVCEffect@@@std@@@std@@IBEXPAPAVCEffect@@0@Z 10015020 f i Player.obj
 0001:00014190       ??0?$_Vector_val@PAVCEffect@@V?$allocator@PAVCEffect@@@std@@@std@@QAE@V?$allocator@PAVCEffect@@@1@@Z 10015190 f i Player.obj
 0001:00014300       ??1?$_Vector_val@PAVCEffect@@V?$allocator@PAVCEffect@@@std@@@std@@QAE@XZ 10015300 f i Player.obj
 0001:00014430       ??0?$allocator@PAVCEffect@@@std@@QAE@XZ 10015430 f i Player.obj
 0001:00014450       ??0?$_Vector_iterator@V?$_Vector_val@PAVCEffect@@V?$allocator@PAVCEffect@@@std@@@std@@@std@@QAE@PAPAVCEffect@@PBU_Container_base12@1@@Z 10015450 f i Player.obj
 0001:00014490       ??D?$_Vector_const_iterator@V?$_Vector_val@PAVCEffect@@V?$allocator@PAVCEffect@@@std@@@std@@@std@@QBEABQAVCEffect@@XZ 10015490 f i Player.obj
 0001:000145b0       ??E?$_Vector_const_iterator@V?$_Vector_val@PAVCEffect@@V?$allocator@PAVCEffect@@@std@@@std@@@std@@QAEAAV01@XZ 100155b0 f i Player.obj
 0001:000146c0       ??8?$_Vector_const_iterator@V?$_Vector_val@PAVCEffect@@V?$allocator@PAVCEffect@@@std@@@std@@@std@@QBE_NABV01@@Z 100156c0 f i Player.obj
 0001:00014710       ?reserve@?$vector@PAVCEffect@@V?$allocator@PAVCEffect@@@std@@@std@@QAEXI@Z 10015710 f i Player.obj
 0001:000148f0       ?capacity@?$vector@PAVCEffect@@V?$allocator@PAVCEffect@@@std@@@std@@QBEIXZ 100158f0 f i Player.obj
 0001:00014920       ?_Make_iter@?$vector@PAVCEffect@@V?$allocator@PAVCEffect@@@std@@@std@@QBE?AV?$_Vector_iterator@V?$_Vector_val@PAVCEffect@@V?$allocator@PAVCEffect@@@std@@@std@@@2@V?$_Vector_const_iterator@V?$_Vector_val@PAVCEffect@@V?$allocator@PAVCEffect@@@std@@@std@@@2@@Z 10015920 f i Player.obj
 0001:000149d0       ?max_size@?$vector@PAVCEffect@@V?$allocator@PAVCEffect@@@std@@@std@@QBEIXZ 100159d0 f i Player.obj
 0001:00014a00       ?_Destroy@?$vector@PAVCEffect@@V?$allocator@PAVCEffect@@@std@@@std@@IAEXPAPAVCEffect@@0@Z 10015a00 f i Player.obj
 0001:00014a50       ?_Grow_to@?$vector@PAVCEffect@@V?$allocator@PAVCEffect@@@std@@@std@@IBEII@Z 10015a50 f i Player.obj
 0001:00014af0       ?_Xlen@?$vector@PAVCEffect@@V?$allocator@PAVCEffect@@@std@@@std@@IBEXXZ 10015af0 f i Player.obj
 0001:00014b30       ??0?$allocator@PAVCEffect@@@std@@QAE@ABV01@@Z 10015b30 f i Player.obj
 0001:00014b50       ?deallocate@?$allocator@PAVCEffect@@@std@@QAEXPAPAVCEffect@@I@Z 10015b50 f i Player.obj
 0001:00014b90       ??0?$_Vector_const_iterator@V?$_Vector_val@PAVCEffect@@V?$allocator@PAVCEffect@@@std@@@std@@@std@@QAE@PAPAVCEffect@@PBU_Container_base12@1@@Z 10015b90 f i Player.obj
 0001:00014c30       ??M?$_Vector_const_iterator@V?$_Vector_val@PAVCEffect@@V?$allocator@PAVCEffect@@@std@@@std@@@std@@QBE_NABV01@@Z 10015c30 f i Player.obj
 0001:00014c80       ?_Compat@?$_Vector_const_iterator@V?$_Vector_val@PAVCEffect@@V?$allocator@PAVCEffect@@@std@@@std@@@std@@QBEXABV12@@Z 10015c80 f i Player.obj
 0001:00014d80       ??0?$_Iterator012@Urandom_access_iterator_tag@std@@PAVCEffect@@HPBQAV3@ABQAV3@U_Iterator_base12@2@@std@@QAE@XZ 10015d80 f i Player.obj
 0001:00014db0       ?allocate@?$allocator@PAVCEffect@@@std@@QAEPAPAVCEffect@@I@Z 10015db0 f i Player.obj
 0001:00014df0       ?max_size@?$allocator@PAVCEffect@@@std@@QBEIXZ 10015df0 f i Player.obj
 0001:00014e50       ??$addressof@QAVCEffect@@@std@@YAPBQAVCEffect@@ABQAV1@@Z 10015e50 f i Player.obj
 0001:00014e60       ??$_Cons_val@V?$allocator@PAVCEffect@@@std@@PAVCEffect@@AAPAV3@@std@@YAXAAV?$allocator@PAVCEffect@@@0@PAPAVCEffect@@AAPAV2@@Z 10015e60 f i Player.obj
 0001:00014e90       ??$_Cons_val@V?$allocator@PAVCEffect@@@std@@PAVCEffect@@ABQAV3@@std@@YAXAAV?$allocator@PAVCEffect@@@0@PAPAVCEffect@@ABQAV2@@Z 10015e90 f i Player.obj
 0001:00014ec0       ??$_Move@PAPAVCEffect@@PAPAV1@@std@@YAPAPAVCEffect@@PAPAV1@00@Z 10015ec0 f i Player.obj
 0001:00014f20       ??$?0PAVCEffect@@@?$allocator@U_Container_proxy@std@@@std@@QAE@ABV?$allocator@PAVCEffect@@@1@@Z 10015f20 f i Player.obj
 0001:00014f40       ??$_Umove@PAPAVCEffect@@@?$vector@PAVCEffect@@V?$allocator@PAVCEffect@@@std@@@std@@IAEPAPAVCEffect@@PAPAV2@00@Z 10015f40 f i Player.obj
 0001:00014f90       ??$_Destroy_range@V?$allocator@PAVCEffect@@@std@@@std@@YAXPAPAVCEffect@@0AAV?$allocator@PAVCEffect@@@0@@Z 10015f90 f i Player.obj
 0001:00014ff0       ??$_Allocate@PAVCEffect@@@std@@YAPAPAVCEffect@@IPAPAV1@@Z 10015ff0 f i Player.obj
 0001:00015090       ?construct@?$allocator@PAVCEffect@@@std@@QAEXPAPAVCEffect@@ABQAV3@@Z 10016090 f i Player.obj
 0001:000150d0       ??$forward@AAPAVCEffect@@@std@@YAAAPAVCEffect@@AAPAV1@@Z 100160d0 f i Player.obj
 0001:000150e0       ??$construct@AAPAVCEffect@@@?$allocator@PAVCEffect@@@std@@QAEXPAPAVCEffect@@AAPAV2@@Z 100160e0 f i Player.obj
 0001:000151b0       ??$forward@ABQAVCEffect@@@std@@YAABQAVCEffect@@ABQAV1@@Z 100161b0 f i Player.obj
 0001:000151c0       ??$_Ptr_cat@PAVCEffect@@PAV1@@std@@YA?AU_Scalar_ptr_iterator_tag@0@PAPAVCEffect@@0@Z 100161c0 f i Player.obj
 0001:00015220       ??$_Move@PAPAVCEffect@@PAPAV1@@std@@YAPAPAVCEffect@@PAPAV1@00U_Scalar_ptr_iterator_tag@0@@Z 10016220 f i Player.obj
 0001:00015290       ??$_Uninitialized_move@PAPAVCEffect@@PAPAV1@V?$allocator@PAVCEffect@@@std@@@std@@YAPAPAVCEffect@@PAPAV1@00AAV?$allocator@PAVCEffect@@@0@@Z 10016290 f i Player.obj
 0001:00015300       ??$_Destroy_range@V?$allocator@PAVCEffect@@@std@@@std@@YAXPAPAVCEffect@@0AAV?$allocator@PAVCEffect@@@0@U_Scalar_ptr_iterator_tag@0@@Z 10016300 f i Player.obj
 0001:00015310       ??$_Construct@PAVCEffect@@ABQAV1@@std@@YAXPAPAVCEffect@@ABQAV1@@Z 10016310 f i Player.obj
 0001:000153e0       ??$_Val_type@PAPAVCEffect@@@std@@YAPAPAVCEffect@@PAPAV1@@Z 100163e0 f i Player.obj
 0001:000153f0       ??$_Uninit_move@PAVCEffect@@PAV1@PAV1@@std@@YAPAPAVCEffect@@PAPAV1@00AAV?$allocator@PAVCEffect@@@0@0U_Scalar_ptr_iterator_tag@0@@Z 100163f0 f i Player.obj
 0001:00015490       ??$_Debug_range@PAPAVCEffect@@@std@@YAXPAPAVCEffect@@0PB_WI@Z 10016490 f i Player.obj
 0001:000154f0       ??$_Debug_pointer@PAVCEffect@@@std@@YAXPAPAVCEffect@@PB_WI@Z 100164f0 f i Player.obj
 0001:00015530       ??$_Iter_cat@PAPAVCEffect@@@std@@YA?AUrandom_access_iterator_tag@0@ABQAPAVCEffect@@@Z 10016530 f i Player.obj
 0001:000155a0       ??$_Debug_range2@PAPAVCEffect@@@std@@YAXPAPAVCEffect@@0PB_WIUrandom_access_iterator_tag@0@@Z 100165a0 f i Player.obj
 0001:00015620       ??0?$vector@PAVCTimer@@V?$allocator@PAVCTimer@@@std@@@std@@QAE@XZ 10016620 f i Timer.obj
 0001:00015670       ??0?$_Vector_val@PAVCTimer@@V?$allocator@PAVCTimer@@@std@@@std@@QAE@V?$allocator@PAVCTimer@@@1@@Z 10016670 f i Timer.obj
 0001:000157e0       ??0?$allocator@PAVCTimer@@@std@@QAE@XZ 100167e0 f i Timer.obj
 0001:00015800       ??0?$allocator@PAVCTimer@@@std@@QAE@ABV01@@Z 10016800 f i Timer.obj
 0001:00015820       ??$?0PAVCTimer@@@?$allocator@U_Container_proxy@std@@@std@@QAE@ABV?$allocator@PAVCTimer@@@1@@Z 10016820 f i Timer.obj
 0001:00015840       ??1?$vector@PAVCTimer@@V?$allocator@PAVCTimer@@@std@@@std@@QAE@XZ 10016840 f i Timer.obj
 0001:000158c0       ?_Tidy@?$vector@PAVCTimer@@V?$allocator@PAVCTimer@@@std@@@std@@IAEXXZ 100168c0 f i Timer.obj
 0001:00015980       ??1?$_Vector_val@PAVCTimer@@V?$allocator@PAVCTimer@@@std@@@std@@QAE@XZ 10016980 f i Timer.obj
 0001:00015ab0       ?GetInstance@CUtility@@SAAAV1@XZ 10016ab0 f   Utility.obj
 0001:00015b30       ??0sFrameSkip@CUtility@@QAE@XZ 10016b30 f   Utility.obj
 0001:00015b70       ?Skip@sFrameSkip@CUtility@@QAEHXZ 10016b70 f   Utility.obj
 0001:00015c00       ?Wait@sFrameSkip@CUtility@@QAEHXZ 10016c00 f   Utility.obj
 0001:00015c50       ?GetTime@sFrameSkip@CUtility@@QAEXXZ 10016c50 f   Utility.obj
 0001:00015cc0       ?ResetFrame@sFrameSkip@CUtility@@QAEXXZ 10016cc0 f   Utility.obj
 0001:00015d00       ?ResetFrame@CUtility@@SAXXZ 10016d00 f   Utility.obj
 0001:00015d20       ?FrameSkip@CUtility@@SAHXZ 10016d20 f   Utility.obj
 0001:00015d40       ?SetTimer@CUtility@@SAXK@Z 10016d40 f   Utility.obj
 0001:00015d50       ?AngleBetweenV@CUtility@@SAMAAUD3DXVECTOR3@@0@Z 10016d50 f   Utility.obj
 0001:00015e00       ?FrameSecDist@CUtility@@SAMMK@Z 10016e00 f   Utility.obj
 0001:00015e50       ?GetAssetPath@CUtility@@QAEPADABV?$basic_string@DU?$char_traits@D@std@@V?$allocator@D@2@@std@@@Z 10016e50 f   Utility.obj
 0001:000160f0       ??0CUtility@@QAE@XZ        100170f0 f i Utility.obj
 0001:00016180       ?acos@@YAMM@Z              10017180 f i Utility.obj
 0001:000161b0       _acosf                     100171b0 f i Utility.obj
 0001:000161f0       ?D3DXVec3Length@@YAMPBUD3DXVECTOR3@@@Z 100171f0 f i Utility.obj
 0001:00016260       _sqrtf                     10017260 f i Utility.obj
 0001:000162a0       ??0?$basic_string@DU?$char_traits@D@std@@V?$allocator@D@2@@std@@QAE@XZ 100172a0 f i Utility.obj
 0001:00016340       ?c_str@?$basic_string@DU?$char_traits@D@std@@V?$allocator@D@2@@std@@QBEPBDXZ 10017340 f i Utility.obj
 0001:00016370       ??0?$vector@PADV?$allocator@PAD@std@@@std@@QAE@XZ 10017370 f i Utility.obj
 0001:000163c0       ?push_back@?$vector@PADV?$allocator@PAD@std@@@std@@QAEXABQAD@Z 100173c0 f i Utility.obj
 0001:00016520       ?_Inside@?$vector@PADV?$allocator@PAD@std@@@std@@IBE_NPBQAD@Z 10017520 f i Utility.obj
 0001:00016580       ?_Reserve@?$vector@PADV?$allocator@PAD@std@@@std@@IAEXI@Z 10017580 f i Utility.obj
 0001:00016620       ?_Orphan_range@?$vector@PADV?$allocator@PAD@std@@@std@@IBEXPAPAD0@Z 10017620 f i Utility.obj
 0001:00016790       ??0?$_Vector_val@PADV?$allocator@PAD@std@@@std@@QAE@V?$allocator@PAD@1@@Z 10017790 f i Utility.obj
 0001:00016900       ??0?$allocator@PAD@std@@QAE@XZ 10017900 f i Utility.obj
 0001:00016920       ?reserve@?$vector@PADV?$allocator@PAD@std@@@std@@QAEXI@Z 10017920 f i Utility.obj
 0001:00016b00       ?capacity@?$vector@PADV?$allocator@PAD@std@@@std@@QBEIXZ 10017b00 f i Utility.obj
 0001:00016b30       ?size@?$vector@PADV?$allocator@PAD@std@@@std@@QBEIXZ 10017b30 f i Utility.obj
 0001:00016b60       ?max_size@?$vector@PADV?$allocator@PAD@std@@@std@@QBEIXZ 10017b60 f i Utility.obj
 0001:00016b90       ?_Destroy@?$vector@PADV?$allocator@PAD@std@@@std@@IAEXPAPAD0@Z 10017b90 f i Utility.obj
 0001:00016be0       ?_Grow_to@?$vector@PADV?$allocator@PAD@std@@@std@@IBEII@Z 10017be0 f i Utility.obj
 0001:00016c80       ?_Xlen@?$vector@PADV?$allocator@PAD@std@@@std@@IBEXXZ 10017c80 f i Utility.obj
 0001:00016cc0       ??0?$allocator@PAD@std@@QAE@ABV01@@Z 10017cc0 f i Utility.obj
 0001:00016ce0       ?deallocate@?$allocator@PAD@std@@QAEXPAPADI@Z 10017ce0 f i Utility.obj
 0001:00016d20       ?allocate@?$allocator@PAD@std@@QAEPAPADI@Z 10017d20 f i Utility.obj
 0001:00016d60       ?max_size@?$allocator@PAD@std@@QBEIXZ 10017d60 f i Utility.obj
 0001:00016dc0       ??$addressof@QAD@std@@YAPBQADABQAD@Z 10017dc0 f i Utility.obj
 0001:00016dd0       ??$_Cons_val@V?$allocator@PAD@std@@PADAAPAD@std@@YAXAAV?$allocator@PAD@0@PAPADAAPAD@Z 10017dd0 f i Utility.obj
 0001:00016e00       ??$_Cons_val@V?$allocator@PAD@std@@PADABQAD@std@@YAXAAV?$allocator@PAD@0@PAPADABQAD@Z 10017e00 f i Utility.obj
 0001:00016e30       ??$?0PAD@?$allocator@U_Container_proxy@std@@@std@@QAE@ABV?$allocator@PAD@1@@Z 10017e30 f i Utility.obj
 0001:00016e50       ??$_Umove@PAPAD@?$vector@PADV?$allocator@PAD@std@@@std@@IAEPAPADPAPAD00@Z 10017e50 f i Utility.obj
 0001:00016ea0       ??$_Destroy_range@V?$allocator@PAD@std@@@std@@YAXPAPAD0AAV?$allocator@PAD@0@@Z 10017ea0 f i Utility.obj
 0001:00016f00       ??$_Allocate@PAD@std@@YAPAPADIPAPAD@Z 10017f00 f i Utility.obj
 0001:00016fa0       ?construct@?$allocator@PAD@std@@QAEXPAPADABQAD@Z 10017fa0 f i Utility.obj
 0001:00016fe0       ??$forward@AAPAD@std@@YAAAPADAAPAD@Z 10017fe0 f i Utility.obj
 0001:00016ff0       ??$construct@AAPAD@?$allocator@PAD@std@@QAEXPAPADAAPAD@Z 10017ff0 f i Utility.obj
 0001:000170c0       ??$forward@ABQAD@std@@YAABQADABQAD@Z 100180c0 f i Utility.obj
 0001:000170d0       ??$_Uninitialized_move@PAPADPAPADV?$allocator@PAD@std@@@std@@YAPAPADPAPAD00AAV?$allocator@PAD@0@@Z 100180d0 f i Utility.obj
 0001:00017140       ??$_Ptr_cat@PADPAD@std@@YA?AU_Scalar_ptr_iterator_tag@0@PAPAD0@Z 10018140 f i Utility.obj
 0001:000171a0       ??$_Destroy_range@V?$allocator@PAD@std@@@std@@YAXPAPAD0AAV?$allocator@PAD@0@U_Scalar_ptr_iterator_tag@0@@Z 100181a0 f i Utility.obj
 0001:000171b0       ??$_Construct@PADABQAD@std@@YAXPAPADABQAD@Z 100181b0 f i Utility.obj
 0001:00017280       ??$_Val_type@PAPAD@std@@YAPAPADPAPAD@Z 10018280 f i Utility.obj
 0001:00017290       ??$_Uninit_move@PADPADPAD@std@@YAPAPADPAPAD00AAV?$allocator@PAD@0@0U_Scalar_ptr_iterator_tag@0@@Z 10018290 f i Utility.obj
 0001:00017330       ??$_Debug_range@PAPAD@std@@YAXPAPAD0PB_WI@Z 10018330 f i Utility.obj
 0001:00017390       ??$_Debug_pointer@PAD@std@@YAXPAPADPB_WI@Z 10018390 f i Utility.obj
 0001:000173d0       ??$_Iter_cat@PAPAD@std@@YA?AUrandom_access_iterator_tag@0@ABQAPAD@Z 100183d0 f i Utility.obj
 0001:00017440       ??$_Debug_range2@PAPAD@std@@YAXPAPAD0PB_WIUrandom_access_iterator_tag@0@@Z 10018440 f i Utility.obj
 0001:000174c0       ??1CUtility@@QAE@XZ        100184c0 f i Utility.obj
 0001:00017540       ??1?$vector@PADV?$allocator@PAD@std@@@std@@QAE@XZ 10018540 f i Utility.obj
 0001:000175c0       ?_Tidy@?$vector@PADV?$allocator@PAD@std@@@std@@IAEXXZ 100185c0 f i Utility.obj
 0001:00017680       ??1?$_Vector_val@PADV?$allocator@PAD@std@@@std@@QAE@XZ 10018680 f i Utility.obj
 0001:000177b0       ?DXUtil_GetDXSDKMediaPathCch@@YAJPADH@Z 100187b0 f   dxutil.obj
 0001:00017940       ?DXUtil_FindMediaFileCch@@YAJPADH0@Z 10018940 f   dxutil.obj
 0001:00017c30       ?DXUtil_ReadStringRegKeyCch@@YAJPAUHKEY__@@PAD1K1@Z 10018c30 f   dxutil.obj
 0001:00017d10       ?DXUtil_WriteStringRegKey@@YAJPAUHKEY__@@PAD1@Z 10018d10 f   dxutil.obj
 0001:00017d80       ?DXUtil_ReadIntRegKey@@YAJPAUHKEY__@@PADPAKK@Z 10018d80 f   dxutil.obj
 0001:00017e40       ?DXUtil_WriteIntRegKey@@YAJPAUHKEY__@@PADK@Z 10018e40 f   dxutil.obj
 0001:00017e80       ?DXUtil_ReadBoolRegKey@@YAJPAUHKEY__@@PADPAHH@Z 10018e80 f   dxutil.obj
 0001:00017f40       ?DXUtil_WriteBoolRegKey@@YAJPAUHKEY__@@PADH@Z 10018f40 f   dxutil.obj
 0001:00017f80       ?DXUtil_ReadGuidRegKey@@YAJPAUHKEY__@@PADPAU_GUID@@AAU2@@Z 10018f80 f   dxutil.obj
 0001:00018050       ?DXUtil_WriteGuidRegKey@@YAJPAUHKEY__@@PADU_GUID@@@Z 10019050 f   dxutil.obj
 0001:000180e0       ?DXUtil_Timer@@YGMW4TIMER_COMMAND@@@Z 100190e0 f   dxutil.obj
 0001:00018540       ?DXUtil_ConvertAnsiStringToWideCch@@YAJPA_WPBDH@Z 10019540 f   dxutil.obj
 0001:000185c0       ?DXUtil_ConvertWideStringToAnsiCch@@YAJPADPB_WH@Z 100195c0 f   dxutil.obj
 0001:00018640       ?DXUtil_ConvertGenericStringToAnsiCch@@YAJPADPBDH@Z 10019640 f   dxutil.obj
 0001:000186a0       ?DXUtil_ConvertGenericStringToWideCch@@YAJPA_WPBDH@Z 100196a0 f   dxutil.obj
 0001:000186e0       ?DXUtil_ConvertAnsiStringToGenericCch@@YAJPADPBDH@Z 100196e0 f   dxutil.obj
 0001:00018740       ?DXUtil_ConvertWideStringToGenericCch@@YAJPADPB_WH@Z 10019740 f   dxutil.obj
 0001:00018780       ?DXUtil_LaunchReadme@@YAXPAUHWND__@@PAD@Z 10019780 f   dxutil.obj
 0001:00018db0       ?DXUtil_Trace@@YAXPADZZ    10019db0 f   dxutil.obj
 0001:00018e80       ?DXUtil_ConvertStringToGUID@@YAJPBDPAU_GUID@@@Z 10019e80 f   dxutil.obj
 0001:00018fb0       ?DXUtil_ConvertGUIDToStringCch@@YAJPBU_GUID@@PADH@Z 10019fb0 f   dxutil.obj
 0001:00019060       ??0CArrayList@@QAE@W4ArrayListType@@I@Z 1001a060 f   dxutil.obj
 0001:000190c0       ??1CArrayList@@QAE@XZ      1001a0c0 f   dxutil.obj
 0001:00019110       ?Add@CArrayList@@QAEJPAX@Z 1001a110 f   dxutil.obj
 0001:00019260       ?Remove@CArrayList@@QAEXI@Z 1001a260 f   dxutil.obj
 0001:000192e0       ?GetPtr@CArrayList@@QAEPAXI@Z 1001a2e0 f   dxutil.obj
 0001:00019320       ?Contains@CArrayList@@QAE_NPAX@Z 1001a320 f   dxutil.obj
 0001:000193b0       ?DXUtil_ConvertAnsiStringToWideCb@@YAJPA_WPBDH@Z 1001a3b0 f   dxutil.obj
 0001:000193e0       ?DXUtil_ConvertWideStringToAnsiCb@@YAJPADPB_WH@Z 1001a3e0 f   dxutil.obj
 0001:00019400       ?DXUtil_ConvertGenericStringToAnsiCb@@YAJPADPBDH@Z 1001a400 f   dxutil.obj
 0001:00019420       ?DXUtil_ConvertGenericStringToWideCb@@YAJPA_WPBDH@Z 1001a420 f   dxutil.obj
 0001:00019450       ?DXUtil_ConvertAnsiStringToGenericCb@@YAJPADPBDH@Z 1001a450 f   dxutil.obj
 0001:00019470       ?DXUtil_ConvertWideStringToGenericCb@@YAJPADPB_WH@Z 1001a470 f   dxutil.obj
 0001:00019490       ?DXUtil_ReadStringRegKeyCb@@YAJPAUHKEY__@@PAD1K1@Z 1001a490 f   dxutil.obj
 0001:000194c0       ?DXUtil_ConvertGUIDToStringCb@@YAJPBU_GUID@@PADH@Z 1001a4c0 f   dxutil.obj
 0001:000194e0       ?DXUtil_GetDXSDKMediaPathCb@@YAJPADH@Z 1001a4e0 f   dxutil.obj
 0001:00019500       ?DXUtil_FindMediaFileCb@@YAJPADH0@Z 1001a500 f   dxutil.obj
 0001:00019c80       _HRESULT_FROM_WIN32        1001ac80 f i dxutil.obj
 0001:00019cd0       __tcsncpy                  1001acd0 f i dxutil.obj
 0001:00019d10       ?_tcsrchr@@YAPADPADI@Z     1001ad10 f i dxutil.obj
 0001:00019d40       __tcsrchr                  1001ad40 f i dxutil.obj
 0001:00019d80       ??0CMesh@@QAE@XZ           1001ad80 f   Mesh.obj
 0001:00019db0       ??1CMesh@@QAE@XZ           1001adb0 f   Mesh.obj
 0001:00019e20       ?Release@CMesh@@QAEXXZ     1001ae20 f   Mesh.obj
 0001:00019f40       ?DecodeNormal@CMesh@@QAE?AUD3DXVECTOR3@@F@Z 1001af40 f   Mesh.obj
 0001:0001a060       ?Load@CMesh@@QAEXAAPAX@Z   1001b060 f   Mesh.obj
 0001:0001a4f0       ?LoadTexture@CMesh@@QAEJPAD@Z 1001b4f0 f   Mesh.obj
 0001:0001a5a0       ?CreateVertexBuffer@CMesh@@QAEJXZ 1001b5a0 f   Mesh.obj
 0001:0001a620       ?CreateIndexBuffer@CMesh@@QAEJXZ 1001b620 f   Mesh.obj
 0001:0001a7c0       ?Render@CMesh@@QAEJIIM@Z   1001b7c0 f   Mesh.obj
 0001:0001aea0       ?cos@@YAMM@Z               1001bea0 f i Mesh.obj
 0001:0001aed0       _cosf                      1001bed0 f i Mesh.obj
 0001:0001af10       ?sin@@YAMM@Z               1001bf10 f i Mesh.obj
 0001:0001af40       _sinf                      1001bf40 f i Mesh.obj
 0001:0001af80       ??0D3DXVECTOR2@@QAE@XZ     1001bf80 f i Mesh.obj
 0001:0001afa0       ??BD3DXVECTOR3@@QAEPAMXZ   1001bfa0 f i Mesh.obj
 0001:0001afc0       ??0D3DFVFVERTEX@@QAE@XZ    1001bfc0 f i Mesh.obj
 0001:0001b010       ??D@YA?AUD3DXVECTOR3@@MABU0@@Z 1001c010 f i Mesh.obj
 0001:0001b0a0       ??0?$vector@PAUIDirect3DTexture9@@V?$allocator@PAUIDirect3DTexture9@@@std@@@std@@QAE@XZ 1001c0a0 f i Mesh.obj
 0001:0001b0f0       ??1?$vector@PAUIDirect3DTexture9@@V?$allocator@PAUIDirect3DTexture9@@@std@@@std@@QAE@XZ 1001c0f0 f i Mesh.obj
 0001:0001b170       ?size@?$vector@PAUIDirect3DTexture9@@V?$allocator@PAUIDirect3DTexture9@@@std@@@std@@QBEIXZ 1001c170 f i Mesh.obj
 0001:0001b1a0       ??A?$vector@PAUIDirect3DTexture9@@V?$allocator@PAUIDirect3DTexture9@@@std@@@std@@QAEAAPAUIDirect3DTexture9@@I@Z 1001c1a0 f i Mesh.obj
 0001:0001b290       ?push_back@?$vector@PAUIDirect3DTexture9@@V?$allocator@PAUIDirect3DTexture9@@@std@@@std@@QAEXABQAUIDirect3DTexture9@@@Z 1001c290 f i Mesh.obj
 0001:0001b3f0       ?clear@?$vector@PAUIDirect3DTexture9@@V?$allocator@PAUIDirect3DTexture9@@@std@@@std@@QAEXXZ 1001c3f0 f i Mesh.obj
 0001:0001b520       ??1?$_Vector_iterator@V?$_Vector_val@PAUIDirect3DTexture9@@V?$allocator@PAUIDirect3DTexture9@@@std@@@std@@@std@@QAE@XZ 1001c520 f i Mesh.obj
 0001:0001b550       ??0?$_Vector_const_iterator@V?$_Vector_val@PAUIDirect3DTexture9@@V?$allocator@PAUIDirect3DTexture9@@@std@@@std@@@std@@QAE@ABV01@@Z 1001c550 f i Mesh.obj
 0001:0001b5a0       ??1?$_Vector_const_iterator@V?$_Vector_val@PAUIDirect3DTexture9@@V?$allocator@PAUIDirect3DTexture9@@@std@@@std@@@std@@QAE@XZ 1001c5a0 f i Mesh.obj
 0001:0001b5d0       ??0?$_Iterator012@Urandom_access_iterator_tag@std@@PAUIDirect3DTexture9@@HPBQAU3@ABQAU3@U_Iterator_base12@2@@std@@QAE@ABU01@@Z 1001c5d0 f i Mesh.obj
 0001:0001b610       ??1?$_Iterator012@Urandom_access_iterator_tag@std@@PAUIDirect3DTexture9@@HPBQAU3@ABQAU3@U_Iterator_base12@2@@std@@QAE@XZ 1001c610 f i Mesh.obj
 0001:0001b640       ?begin@?$vector@PAUIDirect3DTexture9@@V?$allocator@PAUIDirect3DTexture9@@@std@@@std@@QAE?AV?$_Vector_iterator@V?$_Vector_val@PAUIDirect3DTexture9@@V?$allocator@PAUIDirect3DTexture9@@@std@@@std@@@2@XZ 1001c640 f i Mesh.obj
 0001:0001b6a0       ?end@?$vector@PAUIDirect3DTexture9@@V?$allocator@PAUIDirect3DTexture9@@@std@@@std@@QAE?AV?$_Vector_iterator@V?$_Vector_val@PAUIDirect3DTexture9@@V?$allocator@PAUIDirect3DTexture9@@@std@@@std@@@2@XZ 1001c6a0 f i Mesh.obj
 0001:0001b700       ?erase@?$vector@PAUIDirect3DTexture9@@V?$allocator@PAUIDirect3DTexture9@@@std@@@std@@QAE?AV?$_Vector_iterator@V?$_Vector_val@PAUIDirect3DTexture9@@V?$allocator@PAUIDirect3DTexture9@@@std@@@std@@@2@V?$_Vector_const_iterator@V?$_Vector_val@PAUIDirect3DTexture9@@V?$allocator@PAUIDirect3DTexture9@@@std@@@std@@@2@0@Z 1001c700 f i Mesh.obj
 0001:0001b990       ?_Inside@?$vector@PAUIDirect3DTexture9@@V?$allocator@PAUIDirect3DTexture9@@@std@@@std@@IBE_NPBQAUIDirect3DTexture9@@@Z 1001c990 f i Mesh.obj
 0001:0001b9f0       ?_Reserve@?$vector@PAUIDirect3DTexture9@@V?$allocator@PAUIDirect3DTexture9@@@std@@@std@@IAEXI@Z 1001c9f0 f i Mesh.obj
 0001:0001ba90       ?_Tidy@?$vector@PAUIDirect3DTexture9@@V?$allocator@PAUIDirect3DTexture9@@@std@@@std@@IAEXXZ 1001ca90 f i Mesh.obj
 0001:0001bb50       ?_Orphan_range@?$vector@PAUIDirect3DTexture9@@V?$allocator@PAUIDirect3DTexture9@@@std@@@std@@IBEXPAPAUIDirect3DTexture9@@0@Z 1001cb50 f i Mesh.obj
 0001:0001bcc0       ??0?$_Vector_val@PAUIDirect3DTexture9@@V?$allocator@PAUIDirect3DTexture9@@@std@@@std@@QAE@V?$allocator@PAUIDirect3DTexture9@@@1@@Z 1001ccc0 f i Mesh.obj
 0001:0001be30       ??1?$_Vector_val@PAUIDirect3DTexture9@@V?$allocator@PAUIDirect3DTexture9@@@std@@@std@@QAE@XZ 1001ce30 f i Mesh.obj
 0001:0001bf60       ??0?$allocator@PAUIDirect3DTexture9@@@std@@QAE@XZ 1001cf60 f i Mesh.obj
 0001:0001bf80       ?reserve@?$vector@PAUIDirect3DTexture9@@V?$allocator@PAUIDirect3DTexture9@@@std@@@std@@QAEXI@Z 1001cf80 f i Mesh.obj
 0001:0001c160       ?capacity@?$vector@PAUIDirect3DTexture9@@V?$allocator@PAUIDirect3DTexture9@@@std@@@std@@QBEIXZ 1001d160 f i Mesh.obj
 0001:0001c190       ?_Make_iter@?$vector@PAUIDirect3DTexture9@@V?$allocator@PAUIDirect3DTexture9@@@std@@@std@@QBE?AV?$_Vector_iterator@V?$_Vector_val@PAUIDirect3DTexture9@@V?$allocator@PAUIDirect3DTexture9@@@std@@@std@@@2@V?$_Vector_const_iterator@V?$_Vector_val@PAUIDirect3DTexture9@@V?$allocator@PAUIDirect3DTexture9@@@std@@@std@@@2@@Z 1001d190 f i Mesh.obj
 0001:0001c240       ?max_size@?$vector@PAUIDirect3DTexture9@@V?$allocator@PAUIDirect3DTexture9@@@std@@@std@@QBEIXZ 1001d240 f i Mesh.obj
 0001:0001c270       ?_Destroy@?$vector@PAUIDirect3DTexture9@@V?$allocator@PAUIDirect3DTexture9@@@std@@@std@@IAEXPAPAUIDirect3DTexture9@@0@Z 1001d270 f i Mesh.obj
 0001:0001c2c0       ?_Grow_to@?$vector@PAUIDirect3DTexture9@@V?$allocator@PAUIDirect3DTexture9@@@std@@@std@@IBEII@Z 1001d2c0 f i Mesh.obj
 0001:0001c360       ?_Xlen@?$vector@PAUIDirect3DTexture9@@V?$allocator@PAUIDirect3DTexture9@@@std@@@std@@IBEXXZ 1001d360 f i Mesh.obj
 0001:0001c3a0       ??0?$allocator@PAUIDirect3DTexture9@@@std@@QAE@ABV01@@Z 1001d3a0 f i Mesh.obj
 0001:0001c3c0       ?deallocate@?$allocator@PAUIDirect3DTexture9@@@std@@QAEXPAPAUIDirect3DTexture9@@I@Z 1001d3c0 f i Mesh.obj
 0001:0001c400       ??0?$_Vector_iterator@V?$_Vector_val@PAUIDirect3DTexture9@@V?$allocator@PAUIDirect3DTexture9@@@std@@@std@@@std@@QAE@PAPAUIDirect3DTexture9@@PBU_Container_base12@1@@Z 1001d400 f i Mesh.obj
 0001:0001c440       ??9?$_Vector_const_iterator@V?$_Vector_val@PAUIDirect3DTexture9@@V?$allocator@PAUIDirect3DTexture9@@@std@@@std@@@std@@QBE_NABV01@@Z 1001d440 f i Mesh.obj
 0001:0001c490       ??M?$_Vector_const_iterator@V?$_Vector_val@PAUIDirect3DTexture9@@V?$allocator@PAUIDirect3DTexture9@@@std@@@std@@@std@@QBE_NABV01@@Z 1001d490 f i Mesh.obj
 0001:0001c4e0       ?allocate@?$allocator@PAUIDirect3DTexture9@@@std@@QAEPAPAUIDirect3DTexture9@@I@Z 1001d4e0 f i Mesh.obj
 0001:0001c520       ?max_size@?$allocator@PAUIDirect3DTexture9@@@std@@QBEIXZ 1001d520 f i Mesh.obj
 0001:0001c580       ??0?$_Vector_const_iterator@V?$_Vector_val@PAUIDirect3DTexture9@@V?$allocator@PAUIDirect3DTexture9@@@std@@@std@@@std@@QAE@PAPAUIDirect3DTexture9@@PBU_Container_base12@1@@Z 1001d580 f i Mesh.obj
 0001:0001c620       ??8?$_Vector_const_iterator@V?$_Vector_val@PAUIDirect3DTexture9@@V?$allocator@PAUIDirect3DTexture9@@@std@@@std@@@std@@QBE_NABV01@@Z 1001d620 f i Mesh.obj
 0001:0001c670       ?_Compat@?$_Vector_const_iterator@V?$_Vector_val@PAUIDirect3DTexture9@@V?$allocator@PAUIDirect3DTexture9@@@std@@@std@@@std@@QBEXABV12@@Z 1001d670 f i Mesh.obj
 0001:0001c770       ??0?$_Iterator012@Urandom_access_iterator_tag@std@@PAUIDirect3DTexture9@@HPBQAU3@ABQAU3@U_Iterator_base12@2@@std@@QAE@XZ 1001d770 f i Mesh.obj
 0001:0001c7a0       ??$addressof@QAUIDirect3DTexture9@@@std@@YAPBQAUIDirect3DTexture9@@ABQAU1@@Z 1001d7a0 f i Mesh.obj
 0001:0001c7b0       ??$_Cons_val@V?$allocator@PAUIDirect3DTexture9@@@std@@PAUIDirect3DTexture9@@AAPAU3@@std@@YAXAAV?$allocator@PAUIDirect3DTexture9@@@0@PAPAUIDirect3DTexture9@@AAPAU2@@Z 1001d7b0 f i Mesh.obj
 0001:0001c7e0       ??$_Cons_val@V?$allocator@PAUIDirect3DTexture9@@@std@@PAUIDirect3DTexture9@@ABQAU3@@std@@YAXAAV?$allocator@PAUIDirect3DTexture9@@@0@PAPAUIDirect3DTexture9@@ABQAU2@@Z 1001d7e0 f i Mesh.obj
 0001:0001c810       ??$_Move@PAPAUIDirect3DTexture9@@PAPAU1@@std@@YAPAPAUIDirect3DTexture9@@PAPAU1@00@Z 1001d810 f i Mesh.obj
 0001:0001c870       ??$?0PAUIDirect3DTexture9@@@?$allocator@U_Container_proxy@std@@@std@@QAE@ABV?$allocator@PAUIDirect3DTexture9@@@1@@Z 1001d870 f i Mesh.obj
 0001:0001c890       ??$_Umove@PAPAUIDirect3DTexture9@@@?$vector@PAUIDirect3DTexture9@@V?$allocator@PAUIDirect3DTexture9@@@std@@@std@@IAEPAPAUIDirect3DTexture9@@PAPAU2@00@Z 1001d890 f i Mesh.obj
 0001:0001c8e0       ??$_Destroy_range@V?$allocator@PAUIDirect3DTexture9@@@std@@@std@@YAXPAPAUIDirect3DTexture9@@0AAV?$allocator@PAUIDirect3DTexture9@@@0@@Z 1001d8e0 f i Mesh.obj
 0001:0001c940       ??$_Allocate@PAUIDirect3DTexture9@@@std@@YAPAPAUIDirect3DTexture9@@IPAPAU1@@Z 1001d940 f i Mesh.obj
 0001:0001c9e0       ?construct@?$allocator@PAUIDirect3DTexture9@@@std@@QAEXPAPAUIDirect3DTexture9@@ABQAU3@@Z 1001d9e0 f i Mesh.obj
 0001:0001ca20       ??$forward@AAPAUIDirect3DTexture9@@@std@@YAAAPAUIDirect3DTexture9@@AAPAU1@@Z 1001da20 f i Mesh.obj
 0001:0001ca30       ??$construct@AAPAUIDirect3DTexture9@@@?$allocator@PAUIDirect3DTexture9@@@std@@QAEXPAPAUIDirect3DTexture9@@AAPAU2@@Z 1001da30 f i Mesh.obj
 0001:0001cb00       ??$forward@ABQAUIDirect3DTexture9@@@std@@YAABQAUIDirect3DTexture9@@ABQAU1@@Z 1001db00 f i Mesh.obj
 0001:0001cb10       ??$_Ptr_cat@PAUIDirect3DTexture9@@PAU1@@std@@YA?AU_Scalar_ptr_iterator_tag@0@PAPAUIDirect3DTexture9@@0@Z 1001db10 f i Mesh.obj
 0001:0001cb70       ??$_Move@PAPAUIDirect3DTexture9@@PAPAU1@@std@@YAPAPAUIDirect3DTexture9@@PAPAU1@00U_Scalar_ptr_iterator_tag@0@@Z 1001db70 f i Mesh.obj
 0001:0001cbe0       ??$_Uninitialized_move@PAPAUIDirect3DTexture9@@PAPAU1@V?$allocator@PAUIDirect3DTexture9@@@std@@@std@@YAPAPAUIDirect3DTexture9@@PAPAU1@00AAV?$allocator@PAUIDirect3DTexture9@@@0@@Z 1001dbe0 f i Mesh.obj
 0001:0001cc50       ??$_Destroy_range@V?$allocator@PAUIDirect3DTexture9@@@std@@@std@@YAXPAPAUIDirect3DTexture9@@0AAV?$allocator@PAUIDirect3DTexture9@@@0@U_Scalar_ptr_iterator_tag@0@@Z 1001dc50 f i Mesh.obj
 0001:0001cc60       ??$_Construct@PAUIDirect3DTexture9@@ABQAU1@@std@@YAXPAPAUIDirect3DTexture9@@ABQAU1@@Z 1001dc60 f i Mesh.obj
 0001:0001cd30       ??$_Val_type@PAPAUIDirect3DTexture9@@@std@@YAPAPAUIDirect3DTexture9@@PAPAU1@@Z 1001dd30 f i Mesh.obj
 0001:0001cd40       ??$_Uninit_move@PAUIDirect3DTexture9@@PAU1@PAU1@@std@@YAPAPAUIDirect3DTexture9@@PAPAU1@00AAV?$allocator@PAUIDirect3DTexture9@@@0@0U_Scalar_ptr_iterator_tag@0@@Z 1001dd40 f i Mesh.obj
 0001:0001cde0       ??$_Debug_range@PAPAUIDirect3DTexture9@@@std@@YAXPAPAUIDirect3DTexture9@@0PB_WI@Z 1001dde0 f i Mesh.obj
 0001:0001ce40       ??$_Debug_pointer@PAUIDirect3DTexture9@@@std@@YAXPAPAUIDirect3DTexture9@@PB_WI@Z 1001de40 f i Mesh.obj
 0001:0001ce80       ??$_Iter_cat@PAPAUIDirect3DTexture9@@@std@@YA?AUrandom_access_iterator_tag@0@ABQAPAUIDirect3DTexture9@@@Z 1001de80 f i Mesh.obj
 0001:0001cef0       ??$_Debug_range2@PAPAUIDirect3DTexture9@@@std@@YAXPAPAUIDirect3DTexture9@@0PB_WIUrandom_access_iterator_tag@0@@Z 1001def0 f i Mesh.obj
 0001:0001cf70       ??0CModel@@QAE@PAUIDirect3DDevice9@@@Z 1001df70 f   Model.obj
 0001:0001d0b0       ??1CModel@@QAE@XZ          1001e0b0 f   Model.obj
 0001:0001d120       ?Release@CModel@@QAEXXZ    1001e120 f   Model.obj
 0001:0001d200       ?CreateModel@CModel@@QAEJPAD0@Z 1001e200 f   Model.obj
 0001:0001d270       ?LoadTexture@CModel@@QAEJPAD@Z 1001e270 f   Model.obj
 0001:0001d580       ?GetMesh@CModel@@QAEPAVCMesh@@PAD@Z 1001e580 f   Model.obj
 0001:0001d610       ?RotateAxis@CModel@@QAEXPAUD3DXVECTOR3@@M@Z 1001e610 f   Model.obj
 0001:0001d650       ?SetWorldMat@CModel@@QAEXXZ 1001e650 f   Model.obj
 0001:0001d780       ?Render@CModel@@QAEXXZ     1001e780 f   Model.obj
 0001:0001d920       ?LoadMD3File@CModel@@QAEJPAD@Z 1001e920 f   Model.obj
 0001:0001dd60       ?CreateVertexIndexBuffer@CModel@@QAEJXZ 1001ed60 f   Model.obj
 0001:0001ddf0       ?LoadMesh@CModel@@AAEXXZ   1001edf0 f   Model.obj
 0001:0001df40       ?BoundingBoxRender@CModel@@QAEXXZ 1001ef40 f   Model.obj
 0001:0001e710       ??0D3DXQUATERNION@@QAE@XZ  1001f710 f i Model.obj
 0001:0001e730       ?D3DXQuaternionIdentity@@YAPAUD3DXQUATERNION@@PAU1@@Z 1001f730 f i Model.obj
 0001:0001e760       ??_ECMesh@@QAEPAXI@Z       1001f760 f i Model.obj
 0001:0001e800       ??RD3DXMATRIX@@QAEAAMII@Z  1001f800 f i Model.obj
 0001:0001e830       ??0MD3BOUNDBOX@@QAE@XZ     1001f830 f i Model.obj
 0001:0001e880       ??0D3DTAG@@QAE@XZ          1001f880 f i Model.obj
 0001:0001e8c0       ?SetDevice@CMesh@@QAEXPAUIDirect3DDevice9@@@Z 1001f8c0 f i Model.obj
 0001:0001e8f0       ??0?$vector@UMD3ANI@@V?$allocator@UMD3ANI@@@std@@@std@@QAE@XZ 1001f8f0 f i Model.obj
 0001:0001e940       ??1?$vector@UMD3ANI@@V?$allocator@UMD3ANI@@@std@@@std@@QAE@XZ 1001f940 f i Model.obj
 0001:0001e9c0       ?_Tidy@?$vector@UMD3ANI@@V?$allocator@UMD3ANI@@@std@@@std@@IAEXXZ 1001f9c0 f i Model.obj
 0001:0001ea80       ??0?$_Vector_val@UMD3ANI@@V?$allocator@UMD3ANI@@@std@@@std@@QAE@V?$allocator@UMD3ANI@@@1@@Z 1001fa80 f i Model.obj
 0001:0001ebf0       ??1?$_Vector_val@UMD3ANI@@V?$allocator@UMD3ANI@@@std@@@std@@QAE@XZ 1001fbf0 f i Model.obj
 0001:0001ed20       ??0?$allocator@UMD3ANI@@@std@@QAE@XZ 1001fd20 f i Model.obj
 0001:0001ed40       ?_Destroy@?$vector@UMD3ANI@@V?$allocator@UMD3ANI@@@std@@@std@@IAEXPAUMD3ANI@@0@Z 1001fd40 f i Model.obj
 0001:0001ed90       ??0?$allocator@UMD3ANI@@@std@@QAE@ABV01@@Z 1001fd90 f i Model.obj
 0001:0001edb0       ?deallocate@?$allocator@UMD3ANI@@@std@@QAEXPAUMD3ANI@@I@Z 1001fdb0 f i Model.obj
 0001:0001edf0       ??$?0UMD3ANI@@@?$allocator@U_Container_proxy@std@@@std@@QAE@ABV?$allocator@UMD3ANI@@@1@@Z 1001fdf0 f i Model.obj
 0001:0001ee10       ??$_Destroy_range@V?$allocator@UMD3ANI@@@std@@@std@@YAXPAUMD3ANI@@0AAV?$allocator@UMD3ANI@@@0@@Z 1001fe10 f i Model.obj
 0001:0001ee70       ??$_Ptr_cat@UMD3ANI@@U1@@std@@YA?AU_Nonscalar_ptr_iterator_tag@0@PAUMD3ANI@@0@Z 1001fe70 f i Model.obj
 0001:0001eed0       ??$_Destroy_range@V?$allocator@UMD3ANI@@@std@@@std@@YAXPAUMD3ANI@@0AAV?$allocator@UMD3ANI@@@0@U_Nonscalar_ptr_iterator_tag@0@@Z 1001fed0 f i Model.obj
 0001:0001ef10       ??$_Dest_val@V?$allocator@UMD3ANI@@@std@@UMD3ANI@@@std@@YAXAAV?$allocator@UMD3ANI@@@0@PAUMD3ANI@@@Z 1001ff10 f i Model.obj
 0001:0001ef30       ?destroy@?$allocator@UMD3ANI@@@std@@QAEXPAUMD3ANI@@@Z 1001ff30 f i Model.obj
 0001:0001ef70       ??$_Destroy@UMD3ANI@@@std@@YAXPAUMD3ANI@@@Z 1001ff70 f i Model.obj
 0001:0001ef80       ??0CXFile@@QAE@XZ          1001ff80 f   XFile.obj
 0001:0001f090       ??1CXFile@@QAE@XZ          10020090 f   XFile.obj
 0001:0001f0b0       ?Create@CXFile@@QAEJPADPAUIDirect3DDevice9@@_N@Z 100200b0 f   XFile.obj
 0001:0001f370       ?CreateTexture@CXFile@@QAEJPAD@Z 10020370 f   XFile.obj
 0001:0001f3d0       ?SetWorldTransform@CXFile@@AAEXXZ 100203d0 f   XFile.obj
 0001:0001f580       ?DrawSubset@CXFile@@QAE_NXZ 10020580 f   XFile.obj
 0001:0001f740       ?Render@CXFile@@QAE_NPAVCRender@@@Z 10020740 f   XFile.obj
 0001:0001fe40       ?GetType@CRender@@QAE?AW4RenderType@@XZ 10020e40 f i XFile.obj
 0001:0001fe60       ??0ZFrustum@@QAE@XZ        10020e60 f   ZFrustum.obj
 0001:0001fee0       ?Make@ZFrustum@@QAEHPAU_D3DXMATRIXA16@@@Z 10020ee0 f   ZFrustum.obj
 0001:00020140       ?IsIn@ZFrustum@@QAEHPAUD3DXVECTOR3@@@Z 10021140 f   ZFrustum.obj
 0001:00020200       ?IsInSphere@ZFrustum@@QAEHPAUD3DXVECTOR3@@M@Z 10021200 f   ZFrustum.obj
 0001:000202d0       ?Draw@ZFrustum@@QAEHPAUIDirect3DDevice9@@@Z 100212d0 f   ZFrustum.obj
 0001:00020800       ?ZMakePlane@@YAXPAUD3DXPLANE@@PAUD3DXVECTOR3@@11@Z 10021800 f   ZFrustum.obj
 0001:00020aa0       ??0D3DXPLANE@@QAE@XZ       10021aa0 f i ZFrustum.obj
 0001:00020ac0       ??KD3DXVECTOR3@@QBE?AU0@M@Z 10021ac0 f i ZFrustum.obj
 0001:00020b60       ?D3DXPlaneDotCoord@@YAMPBUD3DXPLANE@@PBUD3DXVECTOR3@@@Z 10021b60 f i ZFrustum.obj
 0001:00020bc0       ??0tagVTX@?1??Draw@ZFrustum@@QAEHPAUIDirect3DDevice9@@@Z@QAE@XZ 10021bc0 f i ZFrustum.obj
 0001:00020bf0       ??0ZQuadTree@@QAE@HH@Z     10021bf0 f   ZQuadTree.obj
 0001:00020cb0       ??0ZQuadTree@@QAE@PAV0@@Z  10021cb0 f   ZQuadTree.obj
 0001:00020d30       ??1ZQuadTree@@QAE@XZ       10021d30 f   ZQuadTree.obj
 0001:00020d60       ?_Destroy@ZQuadTree@@AAEXXZ 10021d60 f   ZQuadTree.obj
[...]
 0003:0000005c       ??_R0?AVexception@std@@@8  1003f05c     BmpFile.obj
 0003:00000080       ??_R0?AVCTimer@@@8         1003f080     GameMain.obj
 0003:000000a0       ??_R0?AVCRender@@@8        1003f0a0     Render.obj
 0003:000000bc       ??_R0?AVCRender_Cartoon@@@8 1003f0bc     Render_Cartoon.obj
 0003:000000e0       ??_R0?AVCEffect@@@8        1003f0e0     Effect.obj
 0003:000000fc       ??_R0?AVCEffect_Fire@@@8   1003f0fc     Effect_Fire.obj
 0003:0000011c       ??_R0?AVCEffect_FireBroken@@@8 1003f11c     Effect_FireBroken.obj
 0003:00000150       ??_R0?AVtype_info@@@8      1003f150     MSVCRTD:ti_inst.obj
 0003:00000168       ___security_cookie         1003f168     MSVCRTD:gs_cookie.obj
 0003:0000016c       ___security_cookie_complement 1003f16c     MSVCRTD:gs_cookie.obj
 0003:00000170       ?_RTC_ErrorLevels@@3PAHA   1003f170     MSVCRTD:_error_.obj
 0003:00000184       ___native_dllmain_reason   1003f184     MSVCRTD:natstart.obj
 0003:00000188       ___native_vcclrit_reason   1003f188     MSVCRTD:natstart.obj
 0003:000002b8       ?m_Timers@CTimer@@2V?$vector@PAVCTimer@@V?$allocator@PAVCTimer@@@std@@@std@@A 1003f2b8     Timer.obj
 0003:000002d0       ?g_dwCurrentTime@CUtility@@0KA 1003f2d0     Utility.obj
 0003:000002d4       ?g_FrameSkip@CUtility@@0UsFrameSkip@1@A 1003f2d4     Utility.obj
 0003:000003b4       ?wsprintffp@@3P6AHPADPBDZZA 1003f3b4     MSVCRTD:_error_.obj
 0003:000006dc       ?__type_info_root_node@@3U__type_info_node@@A 1003f6dc     MSVCRTD:tncleanup.obj
 0003:000006ec       ___native_startup_state    1003f6ec     <common>
 0003:000006fc       ___native_startup_lock     1003f6fc     <common>
 0003:00000700       ___sse2_available          1003f700     <common>
 0003:0000070c       ___dyn_tls_init_callback   1003f70c     <common>
 0003:00000718       ___onexitend               1003f718     <common>
 0003:00000728       ___onexitbegin             1003f728     <common>
 0004:00000000       __IMPORT_DESCRIPTOR_d3dx9_43 10040000     d3dx9:d3dx9_43.dll
 0004:00000014       __IMPORT_DESCRIPTOR_d3d9   10040014     d3d9:d3d9.dll
 0004:00000028       __IMPORT_DESCRIPTOR_WINMM  10040028     Winmm:WINMM.dll
 0004:0000003c       __IMPORT_DESCRIPTOR_KERNEL32 1004003c     kernel32:KERNEL32.dll
 0004:00000050       __IMPORT_DESCRIPTOR_USER32 10040050     user32:USER32.dll
 0004:00000064       __IMPORT_DESCRIPTOR_ADVAPI32 10040064     advapi32:ADVAPI32.dll
 0004:00000078       __IMPORT_DESCRIPTOR_MSVCP100D 10040078     msvcprtd:MSVCP100D.dll
 0004:0000008c       __IMPORT_DESCRIPTOR_MSVCR100D 1004008c     MSVCRTD:MSVCR100D.dll
 0004:000000a0       __NULL_IMPORT_DESCRIPTOR   100400a0     d3dx9:d3dx9_43.dll
 0004:000004e8       __imp__RegCloseKey@4       100404e8     advapi32:ADVAPI32.dll
 0004:000004ec       __imp__RegSetValueExA@24   100404ec     advapi32:ADVAPI32.dll
 0004:000004f0       __imp__RegOpenKeyExA@20    100404f0     advapi32:ADVAPI32.dll
 0004:000004f4       __imp__RegQueryValueExA@24 100404f4     advapi32:ADVAPI32.dll
 0004:000004f8       \177ADVAPI32_NULL_THUNK_DATA 100404f8     advapi32:ADVAPI32.dll
 0004:00000524       __imp__HeapFree@12         10040524     kernel32:KERNEL32.dll
 0004:00000528       __imp__DisableThreadLibraryCalls@4 10040528     kernel32:KERNEL32.dll
 0004:0000052c       __imp__GetSystemTimeAsFileTime@4 1004052c     kernel32:KERNEL32.dll
 0004:00000530       __imp__GetCurrentProcessId@0 10040530     kernel32:KERNEL32.dll
 0004:00000534       __imp__GetCurrentThreadId@0 10040534     kernel32:KERNEL32.dll
 0004:00000538       __imp__IsProcessorFeaturePresent@4 10040538     kernel32:KERNEL32.dll
 0004:0000053c       __imp__SetUnhandledExceptionFilter@4 1004053c     kernel32:KERNEL32.dll
 0004:00000540       __imp__UnhandledExceptionFilter@4 10040540     kernel32:KERNEL32.dll
 0004:00000544       __imp__HeapAlloc@12        10040544     kernel32:KERNEL32.dll
 0004:00000548       __imp__TerminateProcess@8  10040548     kernel32:KERNEL32.dll
 0004:0000054c       __imp__LoadLibraryW@4      1004054c     kernel32:KERNEL32.dll
 0004:00000550       __imp__RaiseException@16   10040550     kernel32:KERNEL32.dll
 0004:00000554       __imp__IsDebuggerPresent@0 10040554     kernel32:KERNEL32.dll
 0004:00000558       __imp__InterlockedCompareExchange@12 10040558     kernel32:KERNEL32.dll
 0004:0000055c       __imp__InterlockedExchange@8 1004055c     kernel32:KERNEL32.dll
 0004:00000560       __imp__DecodePointer@4     10040560     kernel32:KERNEL32.dll
 0004:00000564       __imp__EncodePointer@4     10040564     kernel32:KERNEL32.dll
 0004:00000568       __imp__GetProcessHeap@0    10040568     kernel32:KERNEL32.dll
 0004:0000056c       __imp__GetModuleFileNameW@12 1004056c     kernel32:KERNEL32.dll
 0004:00000570       __imp__VirtualQuery@12     10040570     kernel32:KERNEL32.dll
 0004:00000574       __imp__GetCurrentProcess@0 10040574     kernel32:KERNEL32.dll
 0004:00000578       __imp__GetFileSize@8       10040578     kernel32:KERNEL32.dll
 0004:0000057c       __imp__SetFilePointer@16   1004057c     kernel32:KERNEL32.dll
 0004:00000580       __imp__GetFileAttributesA@4 10040580     kernel32:KERNEL32.dll
 0004:00000584       __imp__GetModuleHandleW@4  10040584     kernel32:KERNEL32.dll
 0004:00000588       __imp__CloseHandle@4       10040588     kernel32:KERNEL32.dll
 0004:0000058c       __imp__ReadFile@20         1004058c     kernel32:KERNEL32.dll
 0004:00000590       __imp__CreateFileA@28      10040590     kernel32:KERNEL32.dll
 0004:00000594       __imp__GetTickCount@0      10040594     kernel32:KERNEL32.dll
 0004:00000598       __imp__OutputDebugStringA@4 10040598     kernel32:KERNEL32.dll
 0004:0000059c       __imp__Sleep@4             1004059c     kernel32:KERNEL32.dll
 0004:000005a0       __imp__lstrlenA@4          100405a0     kernel32:KERNEL32.dll
 0004:000005a4       __imp__lstrcpyA@8          100405a4     kernel32:KERNEL32.dll
 0004:000005a8       __imp__lstrcatA@8          100405a8     kernel32:KERNEL32.dll
 0004:000005ac       __imp__lstrcpynA@12        100405ac     kernel32:KERNEL32.dll
 0004:000005b0       __imp__GetFullPathNameA@16 100405b0     kernel32:KERNEL32.dll
 0004:000005b4       __imp__QueryPerformanceCounter@4 100405b4     kernel32:KERNEL32.dll
 0004:000005b8       __imp__QueryPerformanceFrequency@4 100405b8     kernel32:KERNEL32.dll
 0004:000005bc       __imp__MultiByteToWideChar@24 100405bc     kernel32:KERNEL32.dll
 0004:000005c0       __imp__WideCharToMultiByte@32 100405c0     kernel32:KERNEL32.dll
 0004:000005c4       __imp__FreeLibrary@4       100405c4     kernel32:KERNEL32.dll
 0004:000005c8       __imp__GetProcAddress@8    100405c8     kernel32:KERNEL32.dll
 0004:000005cc       __imp__LoadLibraryA@4      100405cc     kernel32:KERNEL32.dll
 0004:000005d0       __imp__GetModuleFileNameA@12 100405d0     kernel32:KERNEL32.dll
 0004:000005d4       \177KERNEL32_NULL_THUNK_DATA 100405d4     kernel32:KERNEL32.dll
 0004:00000620       __imp_??0_Lockit@std@@QAE@H@Z 10040620     msvcprtd:MSVCP100D.dll
 0004:00000624       __imp_?_Debug_message@std@@YAXPB_W0I@Z 10040624     msvcprtd:MSVCP100D.dll
 0004:00000628       __imp_??1_Container_base12@std@@QAE@XZ 10040628     msvcprtd:MSVCP100D.dll
 0004:0000062c       __imp_??0_Container_base12@std@@QAE@XZ 1004062c     msvcprtd:MSVCP100D.dll
 0004:00000630       __imp_?_Orphan_all@_Container_base12@std@@QAEXXZ 10040630     msvcprtd:MSVCP100D.dll
 0004:00000634       __imp_?_Xout_of_range@std@@YAXPBD@Z 10040634     msvcprtd:MSVCP100D.dll
 0004:00000638       __imp_?_Xlength_error@std@@YAXPBD@Z 10040638     msvcprtd:MSVCP100D.dll
 0004:0000063c       __imp_?_Getpfirst@_Container_base12@std@@QBEPAPAU_Iterator_base12@2@XZ 1004063c     msvcprtd:MSVCP100D.dll
 0004:00000640       __imp_??1_Lockit@std@@QAE@XZ 10040640     msvcprtd:MSVCP100D.dll
 0004:00000644       \177MSVCP100D_NULL_THUNK_DATA 10040644     msvcprtd:MSVCP100D.dll
 0004:00000674       __imp__memcmp              10040674     MSVCRTD:MSVCR100D.dll
 0004:00000678       __imp___initterm_e         10040678     MSVCRTD:MSVCR100D.dll
 0004:0000067c       __imp___initterm           1004067c     MSVCRTD:MSVCR100D.dll
 0004:00000680       __imp___CrtSetCheckCount   10040680     MSVCRTD:MSVCR100D.dll
 0004:00000684       __imp___encoded_null       10040684     MSVCRTD:MSVCR100D.dll
 0004:00000688       __imp___free_dbg           10040688     MSVCRTD:MSVCR100D.dll
 0004:0000068c       __imp___malloc_dbg         1004068c     MSVCRTD:MSVCR100D.dll
 0004:00000690       __imp___onexit             10040690     MSVCRTD:MSVCR100D.dll
 0004:00000694       __imp___lock               10040694     MSVCRTD:MSVCR100D.dll
 0004:00000698       __imp____dllonexit         10040698     MSVCRTD:MSVCR100D.dll
 0004:0000069c       __imp___unlock             1004069c     MSVCRTD:MSVCR100D.dll
 0004:000006a0       __imp_?terminate@@YAXXZ    100406a0     MSVCRTD:MSVCR100D.dll
 0004:000006a4       __imp___CRT_RTC_INITW      100406a4     MSVCRTD:MSVCR100D.dll
 0004:000006a8       __imp___wsplitpath_s       100406a8     MSVCRTD:MSVCR100D.dll
 0004:000006ac       __imp__wcscpy_s            100406ac     MSVCRTD:MSVCR100D.dll
 0004:000006b0       __imp___wmakepath_s        100406b0     MSVCRTD:MSVCR100D.dll
 0004:000006b4       __imp____clean_type_info_names_internal 100406b4     MSVCRTD:MSVCR100D.dll
 0004:000006b8       __imp___crt_debugger_hook  100406b8     MSVCRTD:MSVCR100D.dll
 0004:000006bc       __imp___except_handler4_common 100406bc     MSVCRTD:MSVCR100D.dll
 0004:000006c0       __imp_?_type_info_dtor_internal_method@type_info@@QAEXXZ 100406c0     MSVCRTD:MSVCR100D.dll
 0004:000006c4       __imp____CppXcptFilter     100406c4     MSVCRTD:MSVCR100D.dll
 0004:000006c8       __imp___purecall           100406c8     MSVCRTD:MSVCR100D.dll
 0004:000006cc       __imp_??3@YAXPAX@Z         100406cc     MSVCRTD:MSVCR100D.dll
 0004:000006d0       __imp_??_V@YAXPAX@Z        100406d0     MSVCRTD:MSVCR100D.dll
 0004:000006d4       __imp____CxxFrameHandler3  100406d4     MSVCRTD:MSVCR100D.dll
 0004:000006d8       __imp__memset              100406d8     MSVCRTD:MSVCR100D.dll
 0004:000006dc       __imp___CxxThrowException@8 100406dc     MSVCRTD:MSVCR100D.dll
 0004:000006e0       __imp__memcpy              100406e0     MSVCRTD:MSVCR100D.dll
 0004:000006e4       __imp__memmove             100406e4     MSVCRTD:MSVCR100D.dll
 0004:000006e8       __imp___invalid_parameter  100406e8     MSVCRTD:MSVCR100D.dll
 0004:000006ec       __imp___CrtDbgReportW      100406ec     MSVCRTD:MSVCR100D.dll
 0004:000006f0       __imp_??2@YAPAXI@Z         100406f0     MSVCRTD:MSVCR100D.dll
 0004:000006f4       __imp_??0exception@std@@QAE@ABV01@@Z 100406f4     MSVCRTD:MSVCR100D.dll
 0004:000006f8       __imp_??0exception@std@@QAE@ABQBD@Z 100406f8     MSVCRTD:MSVCR100D.dll
 0004:000006fc       __imp_?what@exception@std@@UBEPBDXZ 100406fc     MSVCRTD:MSVCR100D.dll
 0004:00000700       __imp_??1exception@std@@UAE@XZ 10040700     MSVCRTD:MSVCR100D.dll
 0004:00000704       __imp__sprintf             10040704     MSVCRTD:MSVCR100D.dll
 0004:00000708       __imp___wassert            10040708     MSVCRTD:MSVCR100D.dll
 0004:0000070c       __imp__strlen              1004070c     MSVCRTD:MSVCR100D.dll
 0004:00000710       __imp___isnan              10040710     MSVCRTD:MSVCR100D.dll
 0004:00000714       __imp__acos                10040714     MSVCRTD:MSVCR100D.dll
 0004:00000718       __imp__sqrt                10040718     MSVCRTD:MSVCR100D.dll
 0004:0000071c       __imp__strcpy              1004071c     MSVCRTD:MSVCR100D.dll
 0004:00000720       __imp__strcat              10040720     MSVCRTD:MSVCR100D.dll
 0004:00000724       __imp___mbsnbcpy           10040724     MSVCRTD:MSVCR100D.dll
 0004:00000728       __imp__strncpy             10040728     MSVCRTD:MSVCR100D.dll
 0004:0000072c       __imp___snprintf           1004072c     MSVCRTD:MSVCR100D.dll
 0004:00000730       __imp___mbsrchr            10040730     MSVCRTD:MSVCR100D.dll
 0004:00000734       __imp___vsnprintf          10040734     MSVCRTD:MSVCR100D.dll
 0004:00000738       __imp__sscanf              10040738     MSVCRTD:MSVCR100D.dll
 0004:0000073c       __imp__floor               1004073c     MSVCRTD:MSVCR100D.dll
 0004:00000740       __imp__cos                 10040740     MSVCRTD:MSVCR100D.dll
 0004:00000744       __imp__sin                 10040744     MSVCRTD:MSVCR100D.dll
 0004:00000748       __imp__strtok              10040748     MSVCRTD:MSVCR100D.dll
 0004:0000074c       __imp__strcmp              1004074c     MSVCRTD:MSVCR100D.dll
 0004:00000750       __imp__ceil                10040750     MSVCRTD:MSVCR100D.dll
 0004:00000754       __imp___amsg_exit          10040754     MSVCRTD:MSVCR100D.dll
 0004:00000758       \177MSVCR100D_NULL_THUNK_DATA 10040758     MSVCRTD:MSVCR100D.dll
 0004:000007b0       __imp__MessageBoxA@16      100407b0     user32:USER32.dll
 0004:000007b4       __imp__DestroyWindow@4     100407b4     user32:USER32.dll
 0004:000007b8       __imp__DispatchMessageA@4  100407b8     user32:USER32.dll
 0004:000007bc       __imp__TranslateMessage@4  100407bc     user32:USER32.dll
 0004:000007c0       __imp__PeekMessageA@20     100407c0     user32:USER32.dll
 0004:000007c4       __imp__DefWindowProcA@16   100407c4     user32:USER32.dll
 0004:000007c8       __imp__GetCursorPos@4      100407c8     user32:USER32.dll
 0004:000007cc       __imp__ClientToScreen@8    100407cc     user32:USER32.dll
 0004:000007d0       __imp__SetCursorPos@8      100407d0     user32:USER32.dll
 0004:000007d4       __imp__GetAsyncKeyState@4  100407d4     user32:USER32.dll
 0004:000007d8       __imp__GetClientRect@8     100407d8     user32:USER32.dll
 0004:000007dc       __imp__PostQuitMessage@4   100407dc     user32:USER32.dll
 0004:000007e0       \177USER32_NULL_THUNK_DATA 100407e0     user32:USER32.dll
 0004:00000814       __imp__timeGetTime@0       10040814     Winmm:WINMM.dll
 0004:00000818       \177WINMM_NULL_THUNK_DATA  10040818     Winmm:WINMM.dll
 0004:00000844       __imp__Direct3DCreate9@4   10040844     d3d9:d3d9.dll
 0004:00000848       \177d3d9_NULL_THUNK_DATA   10040848     d3d9:d3d9.dll
 0004:00000874       __imp__D3DXMatrixTranspose@8 10040874     d3dx9:d3dx9_43.dll
 0004:00000878       __imp__D3DXVec3TransformNormal@12 10040878     d3dx9:d3dx9_43.dll
 0004:0000087c       __imp__D3DXDeclaratorFromFVF@8 1004087c     d3dx9:d3dx9_43.dll
 0004:00000880       __imp__D3DXAssembleShaderFromFileA@24 10040880     d3dx9:d3dx9_43.dll
 0004:00000884       __imp__D3DXPlaneFromPoints@16 10040884     d3dx9:d3dx9_43.dll
 0004:00000888       __imp__D3DXLoadMeshFromXA@32 10040888     d3dx9:d3dx9_43.dll
 0004:0000088c       __imp__D3DXCreateBox@24    1004088c     d3dx9:d3dx9_43.dll
 0004:00000890       __imp__D3DXMatrixRotationQuaternion@8 10040890     d3dx9:d3dx9_43.dll
 0004:00000894       __imp__D3DXQuaternionRotationAxis@12 10040894     d3dx9:d3dx9_43.dll
 0004:00000898       __imp__D3DXCreateTextureFromFileA@12 10040898     d3dx9:d3dx9_43.dll
 0004:0000089c       __imp__D3DXMatrixInverse@12 1004089c     d3dx9:d3dx9_43.dll
 0004:000008a0       __imp__D3DXCreateTexture@32 100408a0     d3dx9:d3dx9_43.dll
 0004:000008a4       __imp__D3DXFillTexture@12  100408a4     d3dx9:d3dx9_43.dll
 0004:000008a8       __imp__D3DXMatrixScaling@16 100408a8     d3dx9:d3dx9_43.dll
 0004:000008ac       __imp__D3DXMatrixTranslation@16 100408ac     d3dx9:d3dx9_43.dll
 0004:000008b0       __imp__D3DXMatrixRotationYawPitchRoll@16 100408b0     d3dx9:d3dx9_43.dll
 0004:000008b4       __imp__D3DXMatrixMultiply@12 100408b4     d3dx9:d3dx9_43.dll
 0004:000008b8       __imp__D3DXMatrixOrthoOffCenterLH@28 100408b8     d3dx9:d3dx9_43.dll
 0004:000008bc       __imp__D3DXGetImageInfoFromFileA@8 100408bc     d3dx9:d3dx9_43.dll
 0004:000008c0       __imp__D3DXCreateTextureFromFileExA@56 100408c0     d3dx9:d3dx9_43.dll
 0004:000008c4       __imp__D3DXCreateFontA@48  100408c4     d3dx9:d3dx9_43.dll
 0004:000008c8       __imp__D3DXMatrixRotationAxis@12 100408c8     d3dx9:d3dx9_43.dll
 0004:000008cc       __imp__D3DXVec3TransformCoord@12 100408cc     d3dx9:d3dx9_43.dll
 0004:000008d0       __imp__D3DXMatrixPerspectiveFovLH@20 100408d0     d3dx9:d3dx9_43.dll
 0004:000008d4       __imp__D3DXVec3Normalize@8 100408d4     d3dx9:d3dx9_43.dll
 0004:000008d8       __imp__D3DXMatrixLookAtLH@16 100408d8     d3dx9:d3dx9_43.dll
 0004:000008dc       \177d3dx9_43_NULL_THUNK_DATA 100408dc     d3dx9:d3dx9_43.dll

 entry point at        0001:0002d160


 Exports

  ordinal    name

        1    ??0CD3DApp@@QAE@ABV0@@Z (public: __thiscall CD3DApp::CD3DApp(class CD3DApp const &))
        2    ??0CD3DApp@@QAE@PAUHWND__@@KKH@Z (public: __thiscall CD3DApp::CD3DApp(struct HWND__ *,unsigned long,unsigned long,int))
        3    ??0CGameMain@@QAE@ABV0@@Z (public: __thiscall CGameMain::CGameMain(class CGameMain const &))
        4    ??0CGameMain@@QAE@PAUHWND__@@KKABV?$basic_string@DU?$char_traits@D@std@@V?$allocator@D@2@@std@@H@Z (public: __thiscall CGameMain::CGameMain(struct HWND__ *,unsigned long,unsigned long,class std::basic_string<char,struct std::char_traits<char>,class std::allocator<char> > const &,int))
        5    ??1CD3DApp@@UAE@XZ (public: virtual __thiscall CD3DApp::~CD3DApp(void))
        6    ??1CGameMain@@UAE@XZ (public: virtual __thiscall CGameMain::~CGameMain(void))
        7    ??4CD3DApp@@QAEAAV0@ABV0@@Z (public: class CD3DApp & __thiscall CD3DApp::operator=(class CD3DApp const &))
        8    ??4CGameMain@@QAEAAV0@ABV0@@Z (public: class CGameMain & __thiscall CGameMain::operator=(class CGameMain const &))
        9    ??_7CD3DApp@@6B@ (const CD3DApp::`vftable')
       10    ??_7CGameMain@@6B@ (const CGameMain::`vftable')
       11    ?Create@CD3DApp@@EAEJPAUHWND__@@@Z (private: virtual long __thiscall CD3DApp::Create(struct HWND__ *))
       12    ?FrameMove@CGameMain@@UAE_NXZ (public: virtual bool __thiscall CGameMain::FrameMove(void))
       13    ?GetHandle@CD3DApp@@QBEPAUHWND__@@XZ (public: struct HWND__ * __thiscall CD3DApp::GetHandle(void)const )
       14    ?Init@CGameMain@@QAEXXZ (public: void __thiscall CGameMain::Init(void))
       15    ?InitD3DDevice@CD3DApp@@AAEJXZ (private: long __thiscall CD3DApp::InitD3DDevice(void))
       16    ?Keydown@CGameMain@@QAE_NXZ (public: bool __thiscall CGameMain::Keydown(void))
       17    ?LoadScene@CGameMain@@UAE_NXZ (public: virtual bool __thiscall CGameMain::LoadScene(void))
       18    ?MessageHandler@CD3DApp@@UAGJPAUHWND__@@IIJ@Z (public: virtual long __stdcall CD3DApp::MessageHandler(struct HWND__ *,unsigned int,unsigned int,long))
       19    ?MouseMove@CGameMain@@QAE_NXZ (public: bool __thiscall CGameMain::MouseMove(void))
       20    ?OnLButtonDown@CD3DApp@@UAE_NHHI@Z (public: virtual bool __thiscall CD3DApp::OnLButtonDown(int,int,unsigned int))
       21    ?OnLButtonDown@CGameMain@@UAE_NHHI@Z (public: virtual bool __thiscall CGameMain::OnLButtonDown(int,int,unsigned int))
       22    ?OnLButtonUp@CD3DApp@@UAE_NHHI@Z (public: virtual bool __thiscall CD3DApp::OnLButtonUp(int,int,unsigned int))
       23    ?OnLButtonUp@CGameMain@@UAE_NHHI@Z (public: virtual bool __thiscall CGameMain::OnLButtonUp(int,int,unsigned int))
       24    ?OnRButtonDown@CD3DApp@@UAE_NHHI@Z (public: virtual bool __thiscall CD3DApp::OnRButtonDown(int,int,unsigned int))
       25    ?OnRButtonUp@CD3DApp@@UAE_NHHI@Z (public: virtual bool __thiscall CD3DApp::OnRButtonUp(int,int,unsigned int))
       26    ?Render@CGameMain@@UAE_NXZ (public: virtual bool __thiscall CGameMain::Render(void))
       27    ?Run@CD3DApp@@UAE_NXZ (public: virtual bool __thiscall CD3DApp::Run(void))
       28    ?SetupLight@CGameMain@@QAE_NXZ (public: bool __thiscall CGameMain::SetupLight(void))
       29    ?SetupPixelFog@CGameMain@@QAE_NKK@Z (public: bool __thiscall CGameMain::SetupPixelFog(unsigned long,unsigned long))
       30    ?Stop@CD3DApp@@UAE_NXZ (public: virtual bool __thiscall CD3DApp::Stop(void))
       31    ?UpdateFrameRate@CD3DApp@@AAEXXZ (private: void __thiscall CD3DApp::UpdateFrameRate(void))
